<html>
<body>
<pre>
<h1>µVision Build Log</h1>
<h2>Tool Versions:</h2>
IDE-Version: ¦ÌVision V5.12.0.0
Copyright (C) 2014 ARM Ltd and ARM Germany GmbH. All rights reserved.
License Information: j j, j, LIC=32BKP-MM9Y8-DWZ2I-T3MT7-K8DHW-82F2J
 
Tool Versions:
Toolchain:       MDK-ARM Standard  Version: 5.12.0.0
Toolchain Path:  D:\Keil_v5\ARM\ARMCC\Bin
C Compiler:      Armcc.exe V5.05 (build 41)
Assembler:       Armasm.exe V5.05 (build 41)
Linker/Locator:  ArmLink.exe V5.05 (build 41)
Library Manager: ArmAr.exe V5.05 (build 41)
Hex Converter:   FromElf.exe V5.05 (build 41)
CPU DLL:         SARMCM3.DLL V5.12.0.0
Dialog DLL:      DCM.DLL V1.13.0.0
Target DLL:      UL2CM3.DLL V1.153.0.0
Dialog DLL:      TCM.DLL V1.14.2.0
 
<h2>Project:</h2>
E:\WORK\Project_List\MULTI_ROTOR_TYPE_AIRCRAFT\GFLY\FLY\FLY\EX.uvprojx
Project File Date:  03/28/2015

<h2>Output:</h2>
Build target 'CODE'
".\OBJ\EX.axf" - 0 Error(s), 0 Warning(s).

<h2>Collection of Component include folders:</h2>
  E:\WORK\Project_List\MULTI_ROTOR_TYPE_AIRCRAFT\GFLY\FLY\FLY\RTE
  D:\Keil_v5\ARM\PACK\Keil\STM32F1xx_DFP\1.0.5\Device\Include

<h2>Collection of Component Files used:</h2>
tm32f10x_dbgmcu.c...
compiling stm32f10x_dma.c...
compiling stm32f10x_exti.c...
compiling stm32f10x_flash.c...
compiling stm32f10x_fsmc.c...
compiling stm32f10x_gpio.c...
compiling stm32f10x_i2c.c...
compiling stm32f10x_iwdg.c...
compiling stm32f10x_pwr.c...
compiling stm32f10x_rcc.c...
compiling stm32f10x_rtc.c...
compiling stm32f10x_sdio.c...
compiling stm32f10x_spi.c...
compiling stm32f10x_tim.c...
compiling stm32f10x_usart.c...
compiling stm32f10x_wwdg.c...
compiling stm32f10x_it.c...
compiling system_stm32f10x.c...
compiling main.cpp...
compiling task_bmp085.cpp...
compiling sys.c...
compiling usart.c...
compiling minos_delay.c...
compiling sys_usart.c...
compiling usr_usart.c...
compiling sys_os.c...
compiling G32_I2c.c...
compiling G32_Timer.c...
compiling G32_Timer_Cap.c...
compiling gpio.c...
compiling pwm.c...
compiling spi.c...
compiling stmflash.c...
compiling bkp.c...
compiling G32_HI2c.c...
compiling kalman.c...
compiling MPU6050.c...
compiling G32_Nrf24l01.C...
compiling ultrasonic.c...
compiling hmc5883l.c...
compiling bmp085.c...
compiling rc.c...
compiling data_transfer.c...
compiling IMU.c...
compiling filter.c...
compiling Control.c...
compiling motor.c...
compiling Balance.cpp...
compiling pfilter.c...
compiling bak.c...
linking...
Program Size: Code=40374 RO-data=1130 RW-data=540 ZI-data=5268  
FromELF: creating hex file...
After Build - User command #1: E:\WORK\Project_List\MULTI_ROTOR_TYPE_AIRCRAFT\GFLY\FLY\commit.bat
*** Error: CreateProcess failed, Command: 'E:\WORK\Project_List\MULTI_ROTOR_TYPE_AIRCRAFT\GFLY\FLY\commit.bat'
".\OBJ\EX.axf" - 1 Error(s), 0 Warning(s).

<h2>Collection of Component include folders:</h2>
  E:\WORK\Project_List\MULTI_ROTOR_TYPE_AIRCRAFT\GFLY\FLY\FLY\RTE
  D:\Keil_v5\ARM\PACK\Keil\STM32F1xx_DFP\1.0.5\Device\Include

<h2>Collection of Component Files used:</h2>
Target not created.
