Component: ARM Compiler 5.05 (build 41) Tool: armlink [4d0eb9]

==============================================================================

Section Cross References

    startup_stm32f10x_hd.o(STACK) refers (Special) to heapauxi.o(.text) for __use_two_region_memory
    startup_stm32f10x_hd.o(HEAP) refers (Special) to heapauxi.o(.text) for __use_two_region_memory
    startup_stm32f10x_hd.o(RESET) refers (Special) to heapauxi.o(.text) for __use_two_region_memory
    startup_stm32f10x_hd.o(RESET) refers to startup_stm32f10x_hd.o(STACK) for __initial_sp
    startup_stm32f10x_hd.o(RESET) refers to startup_stm32f10x_hd.o(.text) for Reset_Handler
    startup_stm32f10x_hd.o(RESET) refers to stm32f10x_it.o(i.SysTick_Handler) for SysTick_Handler
    startup_stm32f10x_hd.o(RESET) refers to stm32f10x_it.o(i.DMA1_Channel1_IRQHandler) for DMA1_Channel1_IRQHandler
    startup_stm32f10x_hd.o(RESET) refers to stm32f10x_it.o(i.USB_HP_CAN1_TX_IRQHandler) for USB_HP_CAN1_TX_IRQHandler
    startup_stm32f10x_hd.o(RESET) refers to stm32f10x_it.o(i.USB_LP_CAN1_RX0_IRQHandler) for USB_LP_CAN1_RX0_IRQHandler
    startup_stm32f10x_hd.o(RESET) refers to stm32f10x_it.o(i.TIM1_BRK_IRQHandler) for TIM1_BRK_IRQHandler
    startup_stm32f10x_hd.o(RESET) refers to stm32f10x_it.o(i.TIM1_UP_IRQHandler) for TIM1_UP_IRQHandler
    startup_stm32f10x_hd.o(RESET) refers to stm32f10x_it.o(i.TIM1_TRG_COM_IRQHandler) for TIM1_TRG_COM_IRQHandler
    startup_stm32f10x_hd.o(RESET) refers to stm32f10x_it.o(i.TIM1_CC_IRQHandler) for TIM1_CC_IRQHandler
    startup_stm32f10x_hd.o(RESET) refers to stm32f10x_it.o(i.TIM2_IRQHandler) for TIM2_IRQHandler
    startup_stm32f10x_hd.o(RESET) refers to stm32f10x_it.o(i.TIM3_IRQHandler) for TIM3_IRQHandler
    startup_stm32f10x_hd.o(RESET) refers to stm32f10x_it.o(i.TIM4_IRQHandler) for TIM4_IRQHandler
    startup_stm32f10x_hd.o(RESET) refers to g32_hi2c.o(i.I2C1_EV_IRQHandler) for I2C1_EV_IRQHandler
    startup_stm32f10x_hd.o(RESET) refers to stm32f10x_it.o(i.USART1_IRQHandler) for USART1_IRQHandler
    startup_stm32f10x_hd.o(RESET) refers to stm32f10x_it.o(i.USART2_IRQHandler) for USART2_IRQHandler
    startup_stm32f10x_hd.o(RESET) refers to stm32f10x_it.o(i.USART3_IRQHandler) for USART3_IRQHandler
    startup_stm32f10x_hd.o(RESET) refers to stm32f10x_it.o(i.USBWakeUp_IRQHandler) for USBWakeUp_IRQHandler
    startup_stm32f10x_hd.o(RESET) refers to stm32f10x_it.o(i.TIM8_UP_IRQHandler) for TIM8_UP_IRQHandler
    startup_stm32f10x_hd.o(RESET) refers to stm32f10x_it.o(i.TIM8_CC_IRQHandler) for TIM8_CC_IRQHandler
    startup_stm32f10x_hd.o(RESET) refers to stm32f10x_it.o(i.TIM5_IRQHandler) for TIM5_IRQHandler
    startup_stm32f10x_hd.o(RESET) refers to stm32f10x_it.o(i.TIM6_IRQHandler) for TIM6_IRQHandler
    startup_stm32f10x_hd.o(RESET) refers to stm32f10x_it.o(i.TIM7_IRQHandler) for TIM7_IRQHandler
    startup_stm32f10x_hd.o(.text) refers (Special) to heapauxi.o(.text) for __use_two_region_memory
    startup_stm32f10x_hd.o(.text) refers to system_stm32f10x.o(i.SystemInit) for SystemInit
    startup_stm32f10x_hd.o(.text) refers to __main.o(!!!main) for __main
    startup_stm32f10x_hd.o(.text) refers to startup_stm32f10x_hd.o(HEAP) for Heap_Mem
    startup_stm32f10x_hd.o(.text) refers to startup_stm32f10x_hd.o(STACK) for Stack_Mem
    stm32f10x_adc.o(i.ADC_DeInit) refers to stm32f10x_rcc.o(i.RCC_APB2PeriphResetCmd) for RCC_APB2PeriphResetCmd
    stm32f10x_bkp.o(i.BKP_DeInit) refers to stm32f10x_rcc.o(i.RCC_BackupResetCmd) for RCC_BackupResetCmd
    stm32f10x_can.o(i.CAN_DeInit) refers to stm32f10x_rcc.o(i.RCC_APB1PeriphResetCmd) for RCC_APB1PeriphResetCmd
    stm32f10x_can.o(i.CAN_GetITStatus) refers to stm32f10x_can.o(i.CheckITStatus) for CheckITStatus
    stm32f10x_cec.o(i.CEC_DeInit) refers to stm32f10x_rcc.o(i.RCC_APB1PeriphResetCmd) for RCC_APB1PeriphResetCmd
    stm32f10x_dac.o(i.DAC_DeInit) refers to stm32f10x_rcc.o(i.RCC_APB1PeriphResetCmd) for RCC_APB1PeriphResetCmd
    stm32f10x_flash.o(i.FLASH_EnableWriteProtection) refers to stm32f10x_flash.o(i.FLASH_WaitForLastOperation) for FLASH_WaitForLastOperation
    stm32f10x_flash.o(i.FLASH_EraseAllBank1Pages) refers to stm32f10x_flash.o(i.FLASH_WaitForLastBank1Operation) for FLASH_WaitForLastBank1Operation
    stm32f10x_flash.o(i.FLASH_EraseAllPages) refers to stm32f10x_flash.o(i.FLASH_WaitForLastOperation) for FLASH_WaitForLastOperation
    stm32f10x_flash.o(i.FLASH_EraseOptionBytes) refers to stm32f10x_flash.o(i.FLASH_GetReadOutProtectionStatus) for FLASH_GetReadOutProtectionStatus
    stm32f10x_flash.o(i.FLASH_EraseOptionBytes) refers to stm32f10x_flash.o(i.FLASH_WaitForLastOperation) for FLASH_WaitForLastOperation
    stm32f10x_flash.o(i.FLASH_ErasePage) refers to stm32f10x_flash.o(i.FLASH_WaitForLastOperation) for FLASH_WaitForLastOperation
    stm32f10x_flash.o(i.FLASH_ProgramHalfWord) refers to stm32f10x_flash.o(i.FLASH_WaitForLastOperation) for FLASH_WaitForLastOperation
[...]
    _printf_post_padding                     0x08000349   Thumb Code    34  _printf_pad.o(.text)
    _printf_int_dec                          0x0800036d   Thumb Code   104  _printf_dec.o(.text)
    __printf                                 0x080003e5   Thumb Code   388  __printf_flags_ss_wp.o(.text)
    __use_two_region_memory                  0x0800056d   Thumb Code     2  heapauxi.o(.text)
    __rt_heap_escrow$2region                 0x0800056f   Thumb Code     2  heapauxi.o(.text)
    __rt_heap_expand$2region                 0x08000571   Thumb Code     2  heapauxi.o(.text)
    __read_errno                             0x08000573   Thumb Code    10  _rserrno.o(.text)
    __set_errno                              0x0800057d   Thumb Code    12  _rserrno.o(.text)
    _printf_truncate_signed                  0x08000589   Thumb Code    18  _printf_truncate.o(.text)
    _printf_truncate_unsigned                0x0800059b   Thumb Code    18  _printf_truncate.o(.text)
    _printf_str                              0x080005ad   Thumb Code    82  _printf_str.o(.text)
    _printf_int_common                       0x080005ff   Thumb Code   178  _printf_intcommon.o(.text)
    _printf_charcount                        0x080006b1   Thumb Code    40  _printf_charcount.o(.text)
    __lib_sel_fp_printf                      0x080006d9   Thumb Code     2  _printf_fp_dec.o(.text)
    _printf_fp_dec_real                      0x08000887   Thumb Code   620  _printf_fp_dec.o(.text)
    _printf_char_common                      0x08000aff   Thumb Code    32  _printf_char_common.o(.text)
    _sputc                                   0x08000b25   Thumb Code    10  _sputc.o(.text)
    _printf_wctomb                           0x08000b31   Thumb Code   182  _printf_wctomb.o(.text)
    _printf_longlong_dec                     0x08000bed   Thumb Code   108  _printf_longlong_dec.o(.text)
    _printf_longlong_oct                     0x08000c69   Thumb Code    68  _printf_oct_int_ll.o(.text)
    _printf_int_oct                          0x08000cad   Thumb Code    24  _printf_oct_int_ll.o(.text)
    _printf_ll_oct                           0x08000cc5   Thumb Code    12  _printf_oct_int_ll.o(.text)
    _printf_longlong_hex                     0x08000cd9   Thumb Code    86  _printf_hex_int_ll_ptr.o(.text)
    _printf_int_hex                          0x08000d2f   Thumb Code    28  _printf_hex_int_ll_ptr.o(.text)
    _printf_ll_hex                           0x08000d4b   Thumb Code    12  _printf_hex_int_ll_ptr.o(.text)
    _printf_hex_ptr                          0x08000d57   Thumb Code    18  _printf_hex_int_ll_ptr.o(.text)
    __rt_locale                              0x08000d6d   Thumb Code     8  rt_locale_intlibspace.o(.text)
    __aeabi_errno_addr                       0x08000d75   Thumb Code     8  rt_errno_addr_intlibspace.o(.text)
    __errno$intlibspace                      0x08000d75   Thumb Code     0  rt_errno_addr_intlibspace.o(.text)
    __rt_errno_addr$intlibspace              0x08000d75   Thumb Code     0  rt_errno_addr_intlibspace.o(.text)
    _ll_udiv10                               0x08000d7d   Thumb Code   138  lludiv10.o(.text)
    _printf_fp_hex_real                      0x08000e09   Thumb Code   754  _printf_fp_hex.o(.text)
    _printf_fp_infnan                        0x08001105   Thumb Code   112  _printf_fp_infnan.o(.text)
    _printf_cs_common                        0x08001185   Thumb Code    20  _printf_char.o(.text)
    _printf_char                             0x08001199   Thumb Code    16  _printf_char.o(.text)
    _printf_string                           0x080011a9   Thumb Code     8  _printf_char.o(.text)
    _printf_lcs_common                       0x080011b1   Thumb Code    20  _printf_wchar.o(.text)
    _printf_wchar                            0x080011c5   Thumb Code    16  _printf_wchar.o(.text)
    _printf_wstring                          0x080011d5   Thumb Code     8  _printf_wchar.o(.text)
    _btod_etento                             0x080011dd   Thumb Code   216  bigflt0.o(.text)
    _wcrtomb                                 0x080012b9   Thumb Code    64  _wcrtomb.o(.text)
    __user_libspace                          0x080012f9   Thumb Code     8  libspace.o(.text)
    __user_perproc_libspace                  0x080012f9   Thumb Code     0  libspace.o(.text)
    __user_perthread_libspace                0x080012f9   Thumb Code     0  libspace.o(.text)
    __user_setup_stackheap                   0x08001301   Thumb Code    74  sys_stackheap_outer.o(.text)
    __rt_ctype_table                         0x0800134d   Thumb Code    16  rt_ctype_table.o(.text)
    exit                                     0x0800135d   Thumb Code    12  exit.o(.text)
    strcmp                                   0x08001369   Thumb Code   128  strcmpv7m.o(.text)
    _sys_exit                                0x080013e9   Thumb Code     8  sys_exit.o(.text)
    __I$use$semihosting                      0x080013f5   Thumb Code     0  use_no_semi.o(.text)
    __use_no_semihosting_swi                 0x080013f5   Thumb Code     2  use_no_semi.o(.text)
    __semihosting_library_function           0x080013f7   Thumb Code     0  indicate_semi.o(.text)
    _btod_d2e                                0x080013f7   Thumb Code    62  btod.o(CL$$btod_d2e)
    _d2e_denorm_low                          0x08001435   Thumb Code    70  btod.o(CL$$btod_d2e_denorm_low)
    _d2e_norm_op1                            0x0800147b   Thumb Code    96  btod.o(CL$$btod_d2e_norm_op1)
    __btod_div_common                        0x080014db   Thumb Code   696  btod.o(CL$$btod_div_common)
    _e2e                                     0x08001813   Thumb Code   198  btod.o(CL$$btod_e2e)
    _btod_ediv                               0x080018d9   Thumb Code    40  btod.o(CL$$btod_ediv)
    _btod_emul                               0x08001901   Thumb Code    40  btod.o(CL$$btod_emul)
    __btod_mult_common                       0x08001929   Thumb Code   580  btod.o(CL$$btod_mult_common)
    BKP_WriteBackupRegister                  0x08001b6d   Thumb Code    22  stm32f10x_bkp.o(i.BKP_WriteBackupRegister)
    Balance                                  0x08001b89   Thumb Code   476  balance.o(i.Balance)
    DMA1_Channel1_IRQHandler                 0x08001db1   Thumb Code    18  stm32f10x_it.o(i.DMA1_Channel1_IRQHandler)
    DMA_ClearITPendingBit                    0x08001dc5   Thumb Code    18  stm32f10x_dma.o(i.DMA_ClearITPendingBit)
    DMA_GetITStatus                          0x08001de1   Thumb Code    36  stm32f10x_dma.o(i.DMA_GetITStatus)
    Data_Exchange                            0x08001e0d   Thumb Code   280  data_transfer.o(i.Data_Exchange)
    Data_Receive_Anl                         0x08001f2d   Thumb Code  2134  data_transfer.o(i.Data_Receive_Anl)
    Data_Save                                0x080027b5   Thumb Code   538  bak.o(i.Data_Save)
    Data_Send_Check                          0x080029fd   Thumb Code    72  data_transfer.o(i.Data_Send_Check)
    Data_Send_F1                             0x08002a4d   Thumb Code   182  data_transfer.o(i.Data_Send_F1)
    Data_Send_F2                             0x08002b19   Thumb Code   258  data_transfer.o(i.Data_Send_F2)
    Data_Send_F3                             0x08002c31   Thumb Code   366  data_transfer.o(i.Data_Send_F3)
    Data_Send_F4                             0x08002dc9   Thumb Code   244  data_transfer.o(i.Data_Send_F4)
    Data_Send_MotoPWM                        0x08002ec9   Thumb Code   300  data_transfer.o(i.Data_Send_MotoPWM)
    Data_Send_OFFSET                         0x0800300d   Thumb Code   170  data_transfer.o(i.Data_Send_OFFSET)
    Data_Send_PID1                           0x080030cd   Thumb Code   506  data_transfer.o(i.Data_Send_PID1)
    Data_Send_PID2                           0x080032e5   Thumb Code   506  data_transfer.o(i.Data_Send_PID2)
    Data_Send_PID3                           0x080034fd   Thumb Code   520  data_transfer.o(i.Data_Send_PID3)
    Data_Send_PID4                           0x08003721   Thumb Code   524  data_transfer.o(i.Data_Send_PID4)
    Data_Send_PID5                           0x08003941   Thumb Code   524  data_transfer.o(i.Data_Send_PID5)
    Data_Send_PID6                           0x08003b61   Thumb Code   368  data_transfer.o(i.Data_Send_PID6)
    Data_Send_RCData                         0x08003ce5   Thumb Code   412  data_transfer.o(i.Data_Send_RCData)
    Data_Send_Senser                         0x08003e91   Thumb Code   328  data_transfer.o(i.Data_Send_Senser)
    Data_Send_Status                         0x08003fed   Thumb Code   358  data_transfer.o(i.Data_Send_Status)
    Ex_Anl                                   0x08004171   Thumb Code    66  data_transfer.o(i.Ex_Anl)
    Ex_Init                                  0x080041bd   Thumb Code   124  data_transfer.o(i.Ex_Init)
    FLASH_ErasePage                          0x08004291   Thumb Code    72  stm32f10x_flash.o(i.FLASH_ErasePage)
    FLASH_GetBank1Status                     0x080042dd   Thumb Code    48  stm32f10x_flash.o(i.FLASH_GetBank1Status)
    FLASH_Lock                               0x08004311   Thumb Code    14  stm32f10x_flash.o(i.FLASH_Lock)
    FLASH_ProgramHalfWord                    0x08004325   Thumb Code    60  stm32f10x_flash.o(i.FLASH_ProgramHalfWord)
    FLASH_Unlock                             0x08004365   Thumb Code    12  stm32f10x_flash.o(i.FLASH_Unlock)
    FLASH_WaitForLastOperation               0x0800437d   Thumb Code    38  stm32f10x_flash.o(i.FLASH_WaitForLastOperation)
    GPIOA_Init                               0x080043a5   Thumb Code   134  gpio.o(i.GPIOA_Init)
    GPIO_Init                                0x08004435   Thumb Code   278  stm32f10x_gpio.o(i.GPIO_Init)
    GPIO_PinRemapConfig                      0x0800454d   Thumb Code   138  stm32f10x_gpio.o(i.GPIO_PinRemapConfig)
    GPIO_ResetBits                           0x080045dd   Thumb Code     4  stm32f10x_gpio.o(i.GPIO_ResetBits)
    GPIO_SetBits                             0x080045e1   Thumb Code     4  stm32f10x_gpio.o(i.GPIO_SetBits)
    I2C1_EV_IRQHandler                       0x080045e5   Thumb Code   472  g32_hi2c.o(i.I2C1_EV_IRQHandler)
    I2C_AcknowledgeConfig                    0x080047e9   Thumb Code    24  stm32f10x_i2c.o(i.I2C_AcknowledgeConfig)
    I2C_GenerateSTART                        0x08004801   Thumb Code    24  stm32f10x_i2c.o(i.I2C_GenerateSTART)
    I2C_GenerateSTOP                         0x08004819   Thumb Code    24  stm32f10x_i2c.o(i.I2C_GenerateSTOP)
    I2C_GetFlagStatus                        0x08004831   Thumb Code    58  stm32f10x_i2c.o(i.I2C_GetFlagStatus)
    I2C_ReceiveData                          0x0800486b   Thumb Code     8  stm32f10x_i2c.o(i.I2C_ReceiveData)
    I2C_Send7bitAddress                      0x08004873   Thumb Code    18  stm32f10x_i2c.o(i.I2C_Send7bitAddress)
    I2C_SendData                             0x08004885   Thumb Code     4  stm32f10x_i2c.o(i.I2C_SendData)
    IICwriteBit                              0x08004889   Thumb Code    66  mpu6050.o(i.IICwriteBit)
    IICwriteBits                             0x080048cb   Thumb Code   102  mpu6050.o(i.IICwriteBits)
    IMUupdate                                0x08004931   Thumb Code  1576  imu.o(i.IMUupdate)
    MPU6050_CalOff_Acc                       0x08004f81   Thumb Code     8  mpu6050.o(i.MPU6050_CalOff_Acc)
    MPU6050_CalOff_Gyr                       0x08004f8d   Thumb Code     8  mpu6050.o(i.MPU6050_CalOff_Gyr)
    MPU6050_Dataanl                          0x08004f99   Thumb Code   502  mpu6050.o(i.MPU6050_Dataanl)
    MPU6050_Init                             0x080051cd   Thumb Code    92  mpu6050.o(i.MPU6050_Init)
    MPU6050_Read                             0x08005229   Thumb Code    16  mpu6050.o(i.MPU6050_Read)
    MPU6050_setClockSource                   0x0800523d   Thumb Code    20  mpu6050.o(i.MPU6050_setClockSource)
    MPU6050_setDLPF                          0x08005251   Thumb Code    20  mpu6050.o(i.MPU6050_setDLPF)
    MPU6050_setFullScaleAccelRange           0x08005265   Thumb Code    20  mpu6050.o(i.MPU6050_setFullScaleAccelRange)
    MPU6050_setFullScaleGyroRange            0x08005279   Thumb Code    20  mpu6050.o(i.MPU6050_setFullScaleGyroRange)
    MPU6050_setI2CBypassEnabled              0x0800528d   Thumb Code    18  mpu6050.o(i.MPU6050_setI2CBypassEnabled)
    MPU6050_setI2CMasterModeEnabled          0x0800529f   Thumb Code    18  mpu6050.o(i.MPU6050_setI2CMasterModeEnabled)
    MPU6050_setSleepEnabled                  0x080052b1   Thumb Code    18  mpu6050.o(i.MPU6050_setSleepEnabled)
    Moto_PwmRflash                           0x080052c5   Thumb Code   132  motor.o(i.Moto_PwmRflash)
    NVIC_Configuration                       0x0800534d   Thumb Code    12  sys.o(i.NVIC_Configuration)
    NVIC_Init                                0x08005359   Thumb Code   100  misc.o(i.NVIC_Init)
    NVIC_PriorityGroupConfig                 0x080053c9   Thumb Code    10  misc.o(i.NVIC_PriorityGroupConfig)
    Prepare_Data                             0x080053dd   Thumb Code   300  filter.o(i.Prepare_Data)
    Prepare_Data2                            0x08005525   Thumb Code   200  filter.o(i.Prepare_Data2)
    RCC_APB1PeriphClockCmd                   0x08005605   Thumb Code    26  stm32f10x_rcc.o(i.RCC_APB1PeriphClockCmd)
    RCC_APB1PeriphResetCmd                   0x08005625   Thumb Code    26  stm32f10x_rcc.o(i.RCC_APB1PeriphResetCmd)
    RCC_APB2PeriphClockCmd                   0x08005645   Thumb Code    26  stm32f10x_rcc.o(i.RCC_APB2PeriphClockCmd)
    RCC_APB2PeriphResetCmd                   0x08005665   Thumb Code    26  stm32f10x_rcc.o(i.RCC_APB2PeriphResetCmd)
    RCC_GetClocksFreq                        0x08005685   Thumb Code   192  stm32f10x_rcc.o(i.RCC_GetClocksFreq)
    RC_Analyse                               0x08005759   Thumb Code   302  rc.o(i.RC_Analyse)
    Rc_DataAnl                               0x08005895   Thumb Code    70  rc.o(i.Rc_DataAnl)
    Rc_GetValue                              0x080058e1   Thumb Code    62  rc.o(i.Rc_GetValue)
    STMFLASH_Read                            0x08005925   Thumb Code    34  stmflash.o(i.STMFLASH_Read)
    STMFLASH_ReadHalfWord                    0x08005947   Thumb Code     6  stmflash.o(i.STMFLASH_ReadHalfWord)
    STMFLASH_Write                           0x0800594d   Thumb Code   222  stmflash.o(i.STMFLASH_Write)
    STMFLASH_Write_NoCheck                   0x08005a35   Thumb Code    38  stmflash.o(i.STMFLASH_Write_NoCheck)
    SYS_UART_IQR                             0x08005a5d   Thumb Code   336  sys_usart.o(i.SYS_UART_IQR)
    Soft_I2c1_Init                           0x08005d0d   Thumb Code    72  g32_i2c.o(i.Soft_I2c1_Init)
    Soft_I2c1_ReadBuffer                     0x08005d8d   Thumb Code   128  g32_i2c.o(i.Soft_I2c1_ReadBuffer)
    Soft_I2c1_Write                          0x08005f89   Thumb Code    76  g32_i2c.o(i.Soft_I2c1_Write)
    StmFlash_Save                            0x08005fd5   Thumb Code   494  bak.o(i.StmFlash_Save)
    SysTick_CLKSourceConfig                  0x080061ed   Thumb Code    40  misc.o(i.SysTick_CLKSourceConfig)
    SysTick_Handler                          0x08006215   Thumb Code    76  stm32f10x_it.o(i.SysTick_Handler)
    Sys_Printf                               0x0800626d   Thumb Code    50  sys_usart.o(i.Sys_Printf)
    Sys_sPrintf                              0x080062a1   Thumb Code   158  sys_usart.o(i.Sys_sPrintf)
    SystemInit                               0x08006355   Thumb Code    78  system_stm32f10x.o(i.SystemInit)
    TIM1_BRK_IRQHandler                      0x080065f5   Thumb Code    10  stm32f10x_it.o(i.TIM1_BRK_IRQHandler)
    TIM1_CC_IRQHandler                       0x08006605   Thumb Code     8  stm32f10x_it.o(i.TIM1_CC_IRQHandler)
    TIM1_Cap_IRQ                             0x0800660d   Thumb Code   212  g32_timer_cap.o(i.TIM1_Cap_IRQ)
    TIM1_Cap_Init                            0x080066f5   Thumb Code   280  g32_timer_cap.o(i.TIM1_Cap_Init)
    TIM1_TRG_COM_IRQHandler                  0x08006815   Thumb Code    10  stm32f10x_it.o(i.TIM1_TRG_COM_IRQHandler)
    TIM1_UP_IRQHandler                       0x08006825   Thumb Code     8  stm32f10x_it.o(i.TIM1_UP_IRQHandler)
    TIM2_IRQHandler                          0x0800682d   Thumb Code     2  stm32f10x_it.o(i.TIM2_IRQHandler)
    TIM2_PWM_Init                            0x08006831   Thumb Code   184  pwm.o(i.TIM2_PWM_Init)
    TIM3_Cap_IRQ                             0x080068ed   Thumb Code   412  g32_timer_cap.o(i.TIM3_Cap_IRQ)
    TIM3_Cap_Init                            0x08006aad   Thumb Code   414  g32_timer_cap.o(i.TIM3_Cap_Init)
    TIM3_IRQHandler                          0x08006c5d   Thumb Code     8  stm32f10x_it.o(i.TIM3_IRQHandler)
    TIM4_Cap_IRQ                             0x08006c65   Thumb Code   212  g32_timer_cap.o(i.TIM4_Cap_IRQ)
    TIM4_Cap_Init                            0x08006d4d   Thumb Code   274  g32_timer_cap.o(i.TIM4_Cap_Init)
    TIM4_IRQHandler                          0x08006e69   Thumb Code     8  stm32f10x_it.o(i.TIM4_IRQHandler)
    TIM5_IRQHandler                          0x08006e71   Thumb Code     2  stm32f10x_it.o(i.TIM5_IRQHandler)
    TIM6_IRQHandler                          0x08006e75   Thumb Code    28  stm32f10x_it.o(i.TIM6_IRQHandler)
    TIM7_IRQHandler                          0x08006e99   Thumb Code    28  stm32f10x_it.o(i.TIM7_IRQHandler)
    TIM8_CC_IRQHandler                       0x08006ebd   Thumb Code     2  stm32f10x_it.o(i.TIM8_CC_IRQHandler)
    TIM8_PWM_Init                            0x08006ec1   Thumb Code   174  pwm.o(i.TIM8_PWM_Init)
    TIM8_UP_IRQHandler                       0x08006f81   Thumb Code     2  stm32f10x_it.o(i.TIM8_UP_IRQHandler)
    TIM_ClearITPendingBit                    0x08006f83   Thumb Code     6  stm32f10x_tim.o(i.TIM_ClearITPendingBit)
    TIM_Cmd                                  0x08006f89   Thumb Code    24  stm32f10x_tim.o(i.TIM_Cmd)
    TIM_CtrlPWMOutputs                       0x08006fa1   Thumb Code    30  stm32f10x_tim.o(i.TIM_CtrlPWMOutputs)
    TIM_DeInit                               0x08006fc1   Thumb Code   424  stm32f10x_tim.o(i.TIM_DeInit)
    TIM_GetCapture1                          0x080071a9   Thumb Code     6  stm32f10x_tim.o(i.TIM_GetCapture1)
    TIM_GetCapture2                          0x080071af   Thumb Code     6  stm32f10x_tim.o(i.TIM_GetCapture2)
    TIM_GetCapture3                          0x080071b5   Thumb Code     6  stm32f10x_tim.o(i.TIM_GetCapture3)
    TIM_GetCapture4                          0x080071bb   Thumb Code     8  stm32f10x_tim.o(i.TIM_GetCapture4)
    TIM_GetITStatus                          0x080071c3   Thumb Code    34  stm32f10x_tim.o(i.TIM_GetITStatus)
    TIM_ICInit                               0x080071e5   Thumb Code   150  stm32f10x_tim.o(i.TIM_ICInit)
    TIM_ITConfig                             0x08007291   Thumb Code    18  stm32f10x_tim.o(i.TIM_ITConfig)
    TIM_OC1Init                              0x080072a5   Thumb Code   132  stm32f10x_tim.o(i.TIM_OC1Init)
    TIM_OC1PolarityConfig                    0x0800733d   Thumb Code    18  stm32f10x_tim.o(i.TIM_OC1PolarityConfig)
    TIM_OC1PreloadConfig                     0x0800734f   Thumb Code    18  stm32f10x_tim.o(i.TIM_OC1PreloadConfig)
    TIM_OC2Init                              0x08007361   Thumb Code   154  stm32f10x_tim.o(i.TIM_OC2Init)
    TIM_OC2PolarityConfig                    0x08007405   Thumb Code    26  stm32f10x_tim.o(i.TIM_OC2PolarityConfig)
    TIM_OC2PreloadConfig                     0x0800741f   Thumb Code    26  stm32f10x_tim.o(i.TIM_OC2PreloadConfig)
    TIM_OC3PolarityConfig                    0x08007439   Thumb Code    26  stm32f10x_tim.o(i.TIM_OC3PolarityConfig)
    TIM_OC4PolarityConfig                    0x08007453   Thumb Code    26  stm32f10x_tim.o(i.TIM_OC4PolarityConfig)
    TIM_SetCompare1                          0x0800746d   Thumb Code     4  stm32f10x_tim.o(i.TIM_SetCompare1)
    TIM_SetCompare2                          0x08007471   Thumb Code     4  stm32f10x_tim.o(i.TIM_SetCompare2)
    TIM_SetCounter                           0x08007475   Thumb Code     4  stm32f10x_tim.o(i.TIM_SetCounter)
    TIM_SetIC1Prescaler                      0x08007479   Thumb Code    18  stm32f10x_tim.o(i.TIM_SetIC1Prescaler)
    TIM_SetIC2Prescaler                      0x0800748b   Thumb Code    26  stm32f10x_tim.o(i.TIM_SetIC2Prescaler)
    TIM_SetIC3Prescaler                      0x080074a5   Thumb Code    18  stm32f10x_tim.o(i.TIM_SetIC3Prescaler)
    TIM_SetIC4Prescaler                      0x080074b7   Thumb Code    26  stm32f10x_tim.o(i.TIM_SetIC4Prescaler)
    TIM_TimeBaseInit                         0x080074d1   Thumb Code   122  stm32f10x_tim.o(i.TIM_TimeBaseInit)
    USART1_IRQHandler                        0x08007575   Thumb Code    10  stm32f10x_it.o(i.USART1_IRQHandler)
    USART2_IRQHandler                        0x08007585   Thumb Code    10  stm32f10x_it.o(i.USART2_IRQHandler)
    USART3_IRQHandler                        0x08007595   Thumb Code    10  stm32f10x_it.o(i.USART3_IRQHandler)
    USART_Cmd                                0x080075a5   Thumb Code    24  stm32f10x_usart.o(i.USART_Cmd)
    USART_Init                               0x080075bd   Thumb Code   210  stm32f10x_usart.o(i.USART_Init)
    USBWakeUp_IRQHandler                     0x08007695   Thumb Code     2  stm32f10x_it.o(i.USBWakeUp_IRQHandler)
    USB_HP_CAN1_TX_IRQHandler                0x08007697   Thumb Code     2  stm32f10x_it.o(i.USB_HP_CAN1_TX_IRQHandler)
    USB_LP_CAN1_RX0_IRQHandler               0x08007699   Thumb Code     2  stm32f10x_it.o(i.USB_LP_CAN1_RX0_IRQHandler)
    Ultrasonic_Init                          0x0800769d   Thumb Code    86  ultrasonic.o(i.Ultrasonic_Init)
    ALT_Control(unsigned)                    0x080076f9   Thumb Code   306  balance.o(i._Z11ALT_Controlj)
    Pit_Control()                            0x0800785d   Thumb Code   212  balance.o(i._Z11Pit_Controlv)
    Rol_Control()                            0x08007959   Thumb Code   214  balance.o(i._Z11Rol_Controlv)
    Yaw_Control()                            0x08007a59   Thumb Code   266  balance.o(i._Z11Yaw_Controlv)
    Balance_Data(T_float_angle*, S_INT16_XYZ*, S_INT16_XYZ*, int16_rcget*, T_Control*) 0x08007b99   Thumb Code    22  balance.o(i._Z12Balance_DataP13T_float_angleP11S_INT16_XYZS2_P11int16_rcgetP9T_Control)
    SYS_INIT()                               0x08007bc1   Thumb Code    36  main.o(i._Z8SYS_INITv)
    __ARM_fpclassify                         0x08007bfd   Thumb Code    40  fpclassify.o(i.__ARM_fpclassify)
    __kernel_poly                            0x08007c25   Thumb Code   170  poly.o(i.__kernel_poly)
    __mathlib_dbl_infnan                     0x08007ccf   Thumb Code     6  dunder.o(i.__mathlib_dbl_infnan)
    __mathlib_dbl_infnan2                    0x08007cd5   Thumb Code     4  dunder.o(i.__mathlib_dbl_infnan2)
    __mathlib_dbl_invalid                    0x08007cd9   Thumb Code    12  dunder.o(i.__mathlib_dbl_invalid)
    __mathlib_dbl_underflow                  0x08007ce5   Thumb Code    10  dunder.o(i.__mathlib_dbl_underflow)
    _is_digit                                0x08007cf5   Thumb Code    14  __printf_wp.o(i._is_digit)
    asin                                     0x08007d05   Thumb Code   572  asin.o(i.asin)
    atan                                     0x08007f75   Thumb Code   474  atan.o(i.atan)
    atan2                                    0x08008195   Thumb Code   346  atan2.o(i.atan2)
    delay_init                               0x08008315   Thumb Code    70  minos_delay.o(i.delay_init)
    delay_ms                                 0x08008369   Thumb Code    24  minos_delay.o(i.delay_ms)
    delay_us                                 0x08008381   Thumb Code    70  minos_delay.o(i.delay_us)
    main                                     0x080083cd   Thumb Code   106  main.o(i.main)
    slide_filtering16                        0x0800843d   Thumb Code    62  pfilter.o(i.slide_filtering16)
    sqrt                                     0x0800847b   Thumb Code    76  sqrt.o(i.sqrt)
    task_6050                                0x080084c9   Thumb Code   108  main.o(i.task_6050)
    task_cap_rc                              0x08008551   Thumb Code   418  main.o(i.task_cap_rc)
    task_fast                                0x08008741   Thumb Code    64  main.o(i.task_fast)
    task_led                                 0x080087a1   Thumb Code   136  main.o(i.task_led)
    task_pwm_ex                              0x0800883d   Thumb Code   382  main.o(i.task_pwm_ex)
    task_ultrasonic                          0x080089cd   Thumb Code   444  main.o(i.task_ultrasonic)
    uart3_init                               0x08008bd5   Thumb Code   118  usart.o(i.uart3_init)
    _get_lc_numeric                          0x08008c55   Thumb Code    44  lc_numeric_c.o(locale$$code)
    _get_lc_ctype                            0x08008c81   Thumb Code    44  lc_ctype_c.o(locale$$code)
    __aeabi_d2f                              0x08008cad   Thumb Code     0  d2f.o(x$fpl$d2f)
    _d2f                                     0x08008cad   Thumb Code    98  d2f.o(x$fpl$d2f)
    __aeabi_dadd                             0x08008d11   Thumb Code     0  daddsub_clz.o(x$fpl$dadd)
    _dadd                                    0x08008d11   Thumb Code   332  daddsub_clz.o(x$fpl$dadd)
    __fpl_dcheck_NaN1                        0x08008e61   Thumb Code    10  dcheck1.o(x$fpl$dcheck1)
    __aeabi_ddiv                             0x08008e71   Thumb Code     0  ddiv.o(x$fpl$ddiv)
    _ddiv                                    0x08008e71   Thumb Code   552  ddiv.o(x$fpl$ddiv)
    __aeabi_i2d                              0x08009121   Thumb Code     0  dflt_clz.o(x$fpl$dflt)
    _dflt                                    0x08009121   Thumb Code    46  dflt_clz.o(x$fpl$dflt)
    __aeabi_dmul                             0x08009151   Thumb Code     0  dmul.o(x$fpl$dmul)
    _dmul                                    0x08009151   Thumb Code   332  dmul.o(x$fpl$dmul)
    __fpl_dnaninf                            0x080092a5   Thumb Code   156  dnaninf.o(x$fpl$dnaninf)
    __fpl_dretinf                            0x08009341   Thumb Code    12  dretinf.o(x$fpl$dretinf)
    __aeabi_drsub                            0x0800934d   Thumb Code     0  daddsub_clz.o(x$fpl$drsb)
    _drsb                                    0x0800934d   Thumb Code    22  daddsub_clz.o(x$fpl$drsb)
    _dsqrt                                   0x08009365   Thumb Code   456  dsqrt_noumaal.o(x$fpl$dsqrt)
    __aeabi_dsub                             0x08009531   Thumb Code     0  daddsub_clz.o(x$fpl$dsub)
    _dsub                                    0x08009531   Thumb Code   464  daddsub_clz.o(x$fpl$dsub)
    __aeabi_f2d                              0x08009705   Thumb Code     0  f2d.o(x$fpl$f2d)
    _f2d                                     0x08009705   Thumb Code    86  f2d.o(x$fpl$f2d)
    __aeabi_fadd                             0x0800975d   Thumb Code     0  faddsub_clz.o(x$fpl$fadd)
    _fadd                                    0x0800975d   Thumb Code   196  faddsub_clz.o(x$fpl$fadd)
    __fpl_fcmp_Inf                           0x08009821   Thumb Code    24  fcmpi.o(x$fpl$fcmpinf)
    __aeabi_fdiv                             0x08009839   Thumb Code     0  fdiv.o(x$fpl$fdiv)
    _fdiv                                    0x08009839   Thumb Code   384  fdiv.o(x$fpl$fdiv)
    __aeabi_f2iz                             0x080099bd   Thumb Code     0  ffix.o(x$fpl$ffix)
    _ffix                                    0x080099bd   Thumb Code    54  ffix.o(x$fpl$ffix)
    __aeabi_f2uiz                            0x080099f5   Thumb Code     0  ffixu.o(x$fpl$ffixu)
    _ffixu                                   0x080099f5   Thumb Code    62  ffixu.o(x$fpl$ffixu)
    __aeabi_i2f                              0x08009a35   Thumb Code     0  fflt_clz.o(x$fpl$fflt)
    _fflt                                    0x08009a35   Thumb Code    48  fflt_clz.o(x$fpl$fflt)
    __aeabi_ui2f                             0x08009a65   Thumb Code     0  fflt_clz.o(x$fpl$ffltu)
    _ffltu                                   0x08009a65   Thumb Code    38  fflt_clz.o(x$fpl$ffltu)
    __aeabi_cfcmple                          0x08009a8d   Thumb Code     0  fleqf.o(x$fpl$fleqf)
    _fcmple                                  0x08009a8d   Thumb Code   104  fleqf.o(x$fpl$fleqf)
    __fpl_fcmple_InfNaN                      0x08009adf   Thumb Code     0  fleqf.o(x$fpl$fleqf)
    __aeabi_fmul                             0x08009af5   Thumb Code     0  fmul.o(x$fpl$fmul)
    _fmul                                    0x08009af5   Thumb Code   258  fmul.o(x$fpl$fmul)
    __fpl_fnaninf                            0x08009bf7   Thumb Code   140  fnaninf.o(x$fpl$fnaninf)
    __fpl_fretinf                            0x08009c83   Thumb Code    10  fretinf.o(x$fpl$fretinf)
    __aeabi_cfrcmple                         0x08009c8d   Thumb Code     0  frleqf.o(x$fpl$frleqf)
    _frcmple                                 0x08009c8d   Thumb Code    98  frleqf.o(x$fpl$frleqf)
    __aeabi_frsub                            0x08009cef   Thumb Code     0  faddsub_clz.o(x$fpl$frsb)
    _frsb                                    0x08009cef   Thumb Code    20  faddsub_clz.o(x$fpl$frsb)
    __aeabi_fsub                             0x08009d05   Thumb Code     0  faddsub_clz.o(x$fpl$fsub)
    _fsub                                    0x08009d05   Thumb Code   234  faddsub_clz.o(x$fpl$fsub)
    _printf_fp_dec                           0x08009def   Thumb Code     4  printf1.o(x$fpl$printf1)
    _printf_fp_hex                           0x08009df3   Thumb Code     4  printf2.o(x$fpl$printf2)
    __fpl_return_NaN                         0x08009df7   Thumb Code   100  retnan.o(x$fpl$retnan)
    __ARM_scalbn                             0x08009e5b   Thumb Code    92  scalbn.o(x$fpl$scalbn)
    __fpl_cmpreturn                          0x08009eb7   Thumb Code    48  trapv.o(x$fpl$trapveneer)
    __I$use$fp                               0x08009ee6   Number         0  usenofp.o(x$fpl$usenofp)
    __mathlib_zero                           0x0800a010   Data           8  qnan.o(.constdata)
    Region$$Table$$Base                      0x0800a0d4   Number         0  anon$$obj.o(Region$$Table)
    Region$$Table$$Limit                     0x0800a0f4   Number         0  anon$$obj.o(Region$$Table)
    __ctype                                  0x0800a11d   Data           0  lc_ctype_c.o(locale$$data)
    TIM1_IRQ                                 0x20000014   Data           4  stm32f10x_it.o(.data)
    TIM2_IRQ                                 0x20000018   Data           4  stm32f10x_it.o(.data)
    TIM3_IRQ                                 0x2000001c   Data           4  stm32f10x_it.o(.data)
    TIM4_IRQ                                 0x20000020   Data           4  stm32f10x_it.o(.data)
    TIM5_IRQ                                 0x20000024   Data           4  stm32f10x_it.o(.data)
    TIM6_IRQ                                 0x20000028   Data           4  stm32f10x_it.o(.data)
    TIM7_IRQ                                 0x2000002c   Data           4  stm32f10x_it.o(.data)
    TIM1_BRK_IRQ                             0x20000030   Data           4  stm32f10x_it.o(.data)
    TIM1_UP_IRQ                              0x20000034   Data           4  stm32f10x_it.o(.data)
    TIM1_TRG_COM_IRQ                         0x20000038   Data           4  stm32f10x_it.o(.data)
    TIM1_CC_IRQ                              0x2000003c   Data           4  stm32f10x_it.o(.data)
    SysTick_Time                             0x20000040   Data           4  stm32f10x_it.o(.data)
    SystemCoreClock                          0x20000044   Data           4  system_stm32f10x.o(.data)
    AHBPrescTable                            0x20000048   Data          16  system_stm32f10x.o(.data)
    flag_ACC                                 0x20000058   Data           4  main.o(.data)
    Alt_ultrasonic                           0x2000005c   Data           2  main.o(.data)
    Alt_ultrasonic1                          0x2000005e   Data           2  main.o(.data)
    Alt_ultrasonic2                          0x20000060   Data           2  main.o(.data)
    Alt_ultrasonic1t                         0x20000062   Data           2  main.o(.data)
    Alt_ultrasonic2t                         0x20000064   Data           2  main.o(.data)
    Alt_temp                                 0x20000066   Data           2  main.o(.data)
    Alt_temp_l                               0x20000068   Data           2  main.o(.data)
    flag_ALT                                 0x2000006a   Data           1  main.o(.data)
    flag_ALT1                                0x2000006b   Data           1  main.o(.data)
    flag_ALT2                                0x2000006c   Data           1  main.o(.data)
    Alt_bmp                                  0x20000098   Data           4  task_bmp085.o(.data)
    Alt_bmp1                                 0x2000009c   Data           4  task_bmp085.o(.data)
    Alt_bmp2                                 0x200000a0   Data           4  task_bmp085.o(.data)
    TxCount                                  0x200000b5   Data           2  sys_usart.o(.data)
    TIM1_CAPTURE_STA_CH1                     0x200000be   Data           1  g32_timer_cap.o(.data)
    TIM1_CAPTURE_VAL_CH1                     0x200000c0   Data           2  g32_timer_cap.o(.data)
    TIM1_CAPTURE_STA_CH2                     0x200000c2   Data           1  g32_timer_cap.o(.data)
    TIM1_CAPTURE_VAL_CH2                     0x200000c4   Data           2  g32_timer_cap.o(.data)
    TIM3_CAPTURE_STA_CH1                     0x200000c6   Data           1  g32_timer_cap.o(.data)
    TIM3_CAPTURE_VAL_CH1                     0x200000c8   Data           2  g32_timer_cap.o(.data)
    TIM3_CAPTURE_STA_CH2                     0x200000ca   Data           1  g32_timer_cap.o(.data)
    TIM3_CAPTURE_VAL_CH2                     0x200000cc   Data           2  g32_timer_cap.o(.data)
    TIM3_CAPTURE_STA_CH3                     0x200000ce   Data           1  g32_timer_cap.o(.data)
    TIM3_CAPTURE_VAL_CH3                     0x200000d0   Data           2  g32_timer_cap.o(.data)
    TIM3_CAPTURE_STA_CH4                     0x200000d2   Data           1  g32_timer_cap.o(.data)
    TIM3_CAPTURE_VAL_CH4                     0x200000d4   Data           2  g32_timer_cap.o(.data)
    TIM4_CAPTURE_STA_CH1                     0x200000d6   Data           1  g32_timer_cap.o(.data)
    TIM4_CAPTURE_VAL_CH1                     0x200000d8   Data           2  g32_timer_cap.o(.data)
    TIM4_CAPTURE_STA_CH2                     0x200000da   Data           1  g32_timer_cap.o(.data)
    TIM4_CAPTURE_VAL_CH2                     0x200000dc   Data           2  g32_timer_cap.o(.data)
    HI2c_data_r                              0x200000e0   Data           4  g32_hi2c.o(.data)
    HI2c_direction                           0x200000e4   Data           1  g32_hi2c.o(.data)
    HI2c_plan                                0x200000e5   Data           1  g32_hi2c.o(.data)
    HI2c_REG_Address                         0x200000e6   Data           1  g32_hi2c.o(.data)
    HI2c_SlaveAddress                        0x200000e7   Data           1  g32_hi2c.o(.data)
    HI2c_ReadLen                             0x200000e8   Data           1  g32_hi2c.o(.data)
    HI2c_write                               0x200000e9   Data           1  g32_hi2c.o(.data)
    HI2c_read                                0x200000ea   Data           1  g32_hi2c.o(.data)
    GYRO_OFFSET                              0x200000ec   Data           6  mpu6050.o(.data)
    ACC_OFFSET                               0x200000f2   Data           6  mpu6050.o(.data)
    GYRO_OFFSET_OK                           0x200000f8   Data           1  mpu6050.o(.data)
    ACC_OFFSET_OK                            0x200000f9   Data           1  mpu6050.o(.data)
    MPU6050_ACC_LAST                         0x200000fa   Data           6  mpu6050.o(.data)
    MPU6050_GYRO_LAST                        0x20000100   Data           6  mpu6050.o(.data)
    RC_Control                               0x20000126   Data           3  rc.o(.data)
    ex_on_off                                0x20000130   Data           4  data_transfer.o(.data)
    KALMAN_Q                                 0x20000134   Data           4  data_transfer.o(.data)
    KALMAN_R                                 0x20000138   Data           4  data_transfer.o(.data)
    KALMAN_P0                                0x2000013c   Data           4  data_transfer.o(.data)
    yaw_just                                 0x20000140   Data           4  data_transfer.o(.data)
    rol_just                                 0x20000144   Data           4  data_transfer.o(.data)
    pit_just                                 0x20000148   Data           4  data_transfer.o(.data)
    Acc                                      0x2000014c   Data           6  data_transfer.o(.data)
    Average_Acc                              0x20000152   Data           6  data_transfer.o(.data)
    Average2_Acc                             0x20000158   Data           6  data_transfer.o(.data)
    Average3_Acc                             0x2000015e   Data           6  data_transfer.o(.data)
    Average1_Gyr                             0x20000164   Data           6  data_transfer.o(.data)
    Average2_Gyr                             0x2000016a   Data           6  data_transfer.o(.data)
    Gyr                                      0x20000170   Data           6  data_transfer.o(.data)
    Mag                                      0x20000176   Data           6  data_transfer.o(.data)
    q0                                       0x2000017c   Data           4  imu.o(.data)
    q1                                       0x20000180   Data           4  imu.o(.data)
    q2                                       0x20000184   Data           4  imu.o(.data)
    q3                                       0x20000188   Data           4  imu.o(.data)
    exInt                                    0x2000018c   Data           4  imu.o(.data)
    eyInt                                    0x20000190   Data           4  imu.o(.data)
    ezInt                                    0x20000194   Data           4  imu.o(.data)
    compass_yaw                              0x20000198   Data           4  imu.o(.data)
    AngleOffset_Rol                          0x2000019c   Data           4  imu.o(.data)
    AngleOffset_Pit                          0x200001a0   Data           4  imu.o(.data)
    MOTO1_PWM                                0x200001cc   Data           4  motor.o(.data)
    MOTO2_PWM                                0x200001d0   Data           4  motor.o(.data)
    MOTO3_PWM                                0x200001d4   Data           4  motor.o(.data)
    MOTO4_PWM                                0x200001d8   Data           4  motor.o(.data)
    Throttle_OUT                             0x200001fc   Data           4  balance.o(.data)
    Throttle_IN                              0x20000200   Data           4  balance.o(.data)
    PID_ALT_OUT_last                         0x20000204   Data           4  balance.o(.data)
    ALT_Control_Out                          0x20000208   Data           4  balance.o(.data)
    Alt_Error                                0x2000020c   Data           2  balance.o(.data)
    Alt_Error_Last                           0x2000020e   Data           2  balance.o(.data)
    Balance_Throttle                         0x20000210   Data           4  balance.o(.data)
    Balance_Throttle1                        0x20000214   Data           4  balance.o(.data)
    Att_Angle_Avg                            0x2000021c   Data          12  main.o(.bss)
    TxBuffer                                 0x20000244   Data         510  sys_usart.o(.bss)
    timers                                   0x20000474   Data          32  sys_os.o(.bss)
    STMFLASH_BUF                             0x200004d6   Data        2048  stmflash.o(.bss)
    HI2c_data_w                              0x20000cd6   Data          14  g32_hi2c.o(.bss)
    mpu6050_buffer                           0x20000ce4   Data          14  mpu6050.o(.bss)
    Rc_Data                                  0x20000cf2   Data          20  rc.o(.bss)
    Rc_D                                     0x20000d06   Data          20  rc.o(.bss)
    Ex_ON_OFF                                0x20000d1a   Data          16  data_transfer.o(.bss)
    Send                                     0x20000d2a   Data          16  data_transfer.o(.bss)
    data_to_send                             0x20000d3a   Data         120  data_transfer.o(.bss)
    Att_Angle                                0x20000db4   Data          12  imu.o(.bss)
    PID_ROL                                  0x20000e24   Data          32  balance.o(.bss)
    PID_PIT                                  0x20000e44   Data          32  balance.o(.bss)
    PID_YAW                                  0x20000e64   Data          32  balance.o(.bss)
    PID_ALT                                  0x20000e84   Data          32  balance.o(.bss)
    PID_POS                                  0x20000ea4   Data          32  balance.o(.bss)
    PID_PID_1                                0x20000ec4   Data          32  balance.o(.bss)
    PID_PID_2                                0x20000ee4   Data          32  balance.o(.bss)
    PID_PID_3                                0x20000f04   Data          32  balance.o(.bss)
    PID_PID_4                                0x20000f24   Data          32  balance.o(.bss)
    PID_PID_5                                0x20000f44   Data          32  balance.o(.bss)
    PID_PID_6                                0x20000f64   Data          32  balance.o(.bss)
    PID_PID_7                                0x20000f84   Data          32  balance.o(.bss)
    PID_PID_8                                0x20000fa4   Data          32  balance.o(.bss)
    PID_PID_9                                0x20000fc4   Data          32  balance.o(.bss)
    PID_PID_10                               0x20000fe4   Data          32  balance.o(.bss)
    PID_PID_11                               0x20001004   Data          32  balance.o(.bss)
    PID_PID_12                               0x20001024   Data          32  balance.o(.bss)
    __libspace_start                         0x20001050   Data          96  libspace.o(.bss)
    __temporary_stack_top$libspace           0x200010b0   Data           0  libspace.o(.bss)



==============================================================================

Memory Map of the image

  Image Entry point : 0x08000131

  Load Region LR_IROM1 (Base: 0x08000000, Size: 0x0000a43c, Max: 0x00040000, ABSOLUTE, COMPRESSED[0x0000a268])

    Execution Region ER_IROM1 (Base: 0x08000000, Size: 0x0000a220, Max: 0x00040000, ABSOLUTE)

    Base Addr    Size         Type   Attr      Idx    E Section Name        Object

    0x08000000   0x00000130   Data   RO           19    RESET               startup_stm32f10x_hd.o
    0x08000130   0x00000008   Code   RO         5091  * !!!main             c_w.l(__main.o)
    0x08000138   0x00000034   Code   RO         5585    !!!scatter          c_w.l(__scatter.o)
    0x0800016c   0x0000005a   Code   RO         5583    !!dczerorl2         c_w.l(__dczerorl2.o)
    0x080001c6   0x00000002   PAD
    0x080001c8   0x0000001c   Code   RO         5587    !!handler_zi        c_w.l(__scatter_zi.o)
    0x080001e4   0x00000000   Code   RO         5088    .ARM.Collect$$_printf_percent$$00000000  c_w.l(_printf_percent.o)
    0x080001e4   0x00000006   Code   RO         5262    .ARM.Collect$$_printf_percent$$00000001  c_w.l(_printf_n.o)
    0x080001ea   0x00000006   Code   RO         5264    .ARM.Collect$$_printf_percent$$00000002  c_w.l(_printf_p.o)
    0x080001f0   0x00000006   Code   RO         5087    .ARM.Collect$$_printf_percent$$00000003  c_w.l(_printf_f.o)
    0x080001f6   0x00000006   Code   RO         5268    .ARM.Collect$$_printf_percent$$00000004  c_w.l(_printf_e.o)
    0x080001fc   0x00000006   Code   RO         5269    .ARM.Collect$$_printf_percent$$00000005  c_w.l(_printf_g.o)
    0x08000202   0x00000006   Code   RO         5270    .ARM.Collect$$_printf_percent$$00000006  c_w.l(_printf_a.o)
    0x08000208   0x0000000a   Code   RO         5275    .ARM.Collect$$_printf_percent$$00000007  c_w.l(_printf_ll.o)
    0x08000212   0x00000006   Code   RO         5266    .ARM.Collect$$_printf_percent$$00000008  c_w.l(_printf_i.o)
    0x08000218   0x00000006   Code   RO         5086    .ARM.Collect$$_printf_percent$$00000009  c_w.l(_printf_d.o)
    0x0800021e   0x00000006   Code   RO         5267    .ARM.Collect$$_printf_percent$$0000000A  c_w.l(_printf_u.o)
    0x08000224   0x00000006   Code   RO         5265    .ARM.Collect$$_printf_percent$$0000000B  c_w.l(_printf_o.o)
    0x0800022a   0x00000006   Code   RO         5263    .ARM.Collect$$_printf_percent$$0000000C  c_w.l(_printf_x.o)
    0x08000230   0x00000006   Code   RO         5272    .ARM.Collect$$_printf_percent$$0000000D  c_w.l(_printf_lli.o)
    0x08000236   0x00000006   Code   RO         5273    .ARM.Collect$$_printf_percent$$0000000E  c_w.l(_printf_lld.o)
    0x0800023c   0x00000006   Code   RO         5274    .ARM.Collect$$_printf_percent$$0000000F  c_w.l(_printf_llu.o)
    0x08000242   0x00000006   Code   RO         5279    .ARM.Collect$$_printf_percent$$00000010  c_w.l(_printf_llo.o)
    0x08000248   0x00000006   Code   RO         5280    .ARM.Collect$$_printf_percent$$00000011  c_w.l(_printf_llx.o)
    0x0800024e   0x0000000a   Code   RO         5276    .ARM.Collect$$_printf_percent$$00000012  c_w.l(_printf_l.o)
    0x08000258   0x00000006   Code   RO         5260    .ARM.Collect$$_printf_percent$$00000013  c_w.l(_printf_c.o)
    0x0800025e   0x00000006   Code   RO         5261    .ARM.Collect$$_printf_percent$$00000014  c_w.l(_printf_s.o)
    0x08000264   0x00000006   Code   RO         5277    .ARM.Collect$$_printf_percent$$00000015  c_w.l(_printf_lc.o)
    0x0800026a   0x00000006   Code   RO         5278    .ARM.Collect$$_printf_percent$$00000016  c_w.l(_printf_ls.o)
    0x08000270   0x00000004   Code   RO         5271    .ARM.Collect$$_printf_percent$$00000017  c_w.l(_printf_percent_end.o)
    0x08000274   0x00000002   Code   RO         5448    .ARM.Collect$$libinit$$00000000  c_w.l(libinit.o)
    0x08000276   0x00000000   Code   RO         5450    .ARM.Collect$$libinit$$00000002  c_w.l(libinit2.o)
    0x08000276   0x00000000   Code   RO         5452    .ARM.Collect$$libinit$$00000004  c_w.l(libinit2.o)
    0x08000276   0x00000000   Code   RO         5455    .ARM.Collect$$libinit$$0000000A  c_w.l(libinit2.o)
    0x08000276   0x00000000   Code   RO         5457    .ARM.Collect$$libinit$$0000000C  c_w.l(libinit2.o)
    0x08000276   0x00000000   Code   RO         5459    .ARM.Collect$$libinit$$0000000E  c_w.l(libinit2.o)
    0x08000276   0x00000006   Code   RO         5460    .ARM.Collect$$libinit$$0000000F  c_w.l(libinit2.o)
    0x0800027c   0x00000000   Code   RO         5462    .ARM.Collect$$libinit$$00000011  c_w.l(libinit2.o)
    0x0800027c   0x0000000c   Code   RO         5463    .ARM.Collect$$libinit$$00000012  c_w.l(libinit2.o)
    0x08000288   0x00000000   Code   RO         5464    .ARM.Collect$$libinit$$00000013  c_w.l(libinit2.o)
    0x08000288   0x00000000   Code   RO         5466    .ARM.Collect$$libinit$$00000015  c_w.l(libinit2.o)
    0x08000288   0x0000000a   Code   RO         5467    .ARM.Collect$$libinit$$00000016  c_w.l(libinit2.o)
    0x08000292   0x00000000   Code   RO         5468    .ARM.Collect$$libinit$$00000017  c_w.l(libinit2.o)
    0x08000292   0x00000000   Code   RO         5470    .ARM.Collect$$libinit$$00000019  c_w.l(libinit2.o)
    0x08000292   0x00000000   Code   RO         5472    .ARM.Collect$$libinit$$0000001B  c_w.l(libinit2.o)
    0x08000292   0x00000000   Code   RO         5474    .ARM.Collect$$libinit$$0000001D  c_w.l(libinit2.o)
    0x08000292   0x00000000   Code   RO         5476    .ARM.Collect$$libinit$$0000001F  c_w.l(libinit2.o)
    0x08000292   0x00000000   Code   RO         5478    .ARM.Collect$$libinit$$00000021  c_w.l(libinit2.o)
    0x08000292   0x00000000   Code   RO         5480    .ARM.Collect$$libinit$$00000023  c_w.l(libinit2.o)
    0x08000292   0x00000000   Code   RO         5482    .ARM.Collect$$libinit$$00000025  c_w.l(libinit2.o)
    0x08000292   0x00000000   Code   RO         5486    .ARM.Collect$$libinit$$0000002C  c_w.l(libinit2.o)
    0x08000292   0x00000000   Code   RO         5488    .ARM.Collect$$libinit$$0000002E  c_w.l(libinit2.o)
    0x08000292   0x00000000   Code   RO         5490    .ARM.Collect$$libinit$$00000030  c_w.l(libinit2.o)
    0x08000292   0x00000000   Code   RO         5492    .ARM.Collect$$libinit$$00000032  c_w.l(libinit2.o)
    0x08000292   0x00000002   Code   RO         5493    .ARM.Collect$$libinit$$00000033  c_w.l(libinit2.o)
    0x08000294   0x00000002   Code   RO         5532    .ARM.Collect$$libshutdown$$00000000  c_w.l(libshutdown.o)
    0x08000296   0x00000000   Code   RO         5544    .ARM.Collect$$libshutdown$$00000003  c_w.l(libshutdown2.o)
    0x08000296   0x00000000   Code   RO         5547    .ARM.Collect$$libshutdown$$00000006  c_w.l(libshutdown2.o)
    0x08000296   0x00000000   Code   RO         5550    .ARM.Collect$$libshutdown$$00000009  c_w.l(libshutdown2.o)
    0x08000296   0x00000000   Code   RO         5552    .ARM.Collect$$libshutdown$$0000000B  c_w.l(libshutdown2.o)
    0x08000296   0x00000000   Code   RO         5555    .ARM.Collect$$libshutdown$$0000000E  c_w.l(libshutdown2.o)
    0x08000296   0x00000002   Code   RO         5556    .ARM.Collect$$libshutdown$$0000000F  c_w.l(libshutdown2.o)
    0x08000298   0x00000000   Code   RO         5211    .ARM.Collect$$rtentry$$00000000  c_w.l(__rtentry.o)
    0x08000298   0x00000000   Code   RO         5357    .ARM.Collect$$rtentry$$00000002  c_w.l(__rtentry2.o)
    0x08000298   0x00000006   Code   RO         5369    .ARM.Collect$$rtentry$$00000004  c_w.l(__rtentry4.o)
    0x0800029e   0x00000000   Code   RO         5359    .ARM.Collect$$rtentry$$00000009  c_w.l(__rtentry2.o)
    0x0800029e   0x00000004   Code   RO         5360    .ARM.Collect$$rtentry$$0000000A  c_w.l(__rtentry2.o)
    0x080002a2   0x00000000   Code   RO         5362    .ARM.Collect$$rtentry$$0000000C  c_w.l(__rtentry2.o)
    0x080002a2   0x00000008   Code   RO         5363    .ARM.Collect$$rtentry$$0000000D  c_w.l(__rtentry2.o)
    0x080002aa   0x00000002   Code   RO         5498    .ARM.Collect$$rtexit$$00000000  c_w.l(rtexit.o)
    0x080002ac   0x00000000   Code   RO         5510    .ARM.Collect$$rtexit$$00000002  c_w.l(rtexit2.o)
    0x080002ac   0x00000004   Code   RO         5511    .ARM.Collect$$rtexit$$00000003  c_w.l(rtexit2.o)
    0x080002b0   0x00000006   Code   RO         5512    .ARM.Collect$$rtexit$$00000004  c_w.l(rtexit2.o)
    0x080002b6   0x00000002   PAD
    0x080002b8   0x00000040   Code   RO           20    .text               startup_stm32f10x_hd.o
    0x080002f8   0x00000024   Code   RO         5054    .text               c_w.l(vsprintf.o)
    0x0800031c   0x0000004e   Code   RO         5062    .text               c_w.l(_printf_pad.o)
    0x0800036a   0x00000002   PAD
    0x0800036c   0x00000078   Code   RO         5064    .text               c_w.l(_printf_dec.o)
    0x080003e4   0x00000188   Code   RO         5083    .text               c_w.l(__printf_flags_ss_wp.o)
    0x0800056c   0x00000006   Code   RO         5089    .text               c_w.l(heapauxi.o)
    0x08000572   0x00000016   Code   RO         5212    .text               c_w.l(_rserrno.o)
    0x08000588   0x00000024   Code   RO         5214    .text               c_w.l(_printf_truncate.o)
    0x080005ac   0x00000052   Code   RO         5216    .text               c_w.l(_printf_str.o)
    0x080005fe   0x000000b2   Code   RO         5218    .text               c_w.l(_printf_intcommon.o)
    0x080006b0   0x00000028   Code   RO         5220    .text               c_w.l(_printf_charcount.o)
    0x080006d8   0x0000041a   Code   RO         5222    .text               c_w.l(_printf_fp_dec.o)
    0x08000af2   0x00000002   PAD
    0x08000af4   0x00000030   Code   RO         5224    .text               c_w.l(_printf_char_common.o)
    0x08000b24   0x0000000a   Code   RO         5226    .text               c_w.l(_sputc.o)
    0x08000b2e   0x00000002   PAD
    0x08000b30   0x000000bc   Code   RO         5228    .text               c_w.l(_printf_wctomb.o)
    0x08000bec   0x0000007c   Code   RO         5231    .text               c_w.l(_printf_longlong_dec.o)
    0x08000c68   0x00000070   Code   RO         5237    .text               c_w.l(_printf_oct_int_ll.o)
    0x08000cd8   0x00000094   Code   RO         5257    .text               c_w.l(_printf_hex_int_ll_ptr.o)
    0x08000d6c   0x00000008   Code   RO         5374    .text               c_w.l(rt_locale_intlibspace.o)
    0x08000d74   0x00000008   Code   RO         5379    .text               c_w.l(rt_errno_addr_intlibspace.o)
    0x08000d7c   0x0000008a   Code   RO         5381    .text               c_w.l(lludiv10.o)
    0x08000e06   0x00000002   PAD
    0x08000e08   0x000002fc   Code   RO         5383    .text               c_w.l(_printf_fp_hex.o)
    0x08001104   0x00000080   Code   RO         5386    .text               c_w.l(_printf_fp_infnan.o)
    0x08001184   0x0000002c   Code   RO         5390    .text               c_w.l(_printf_char.o)
    0x080011b0   0x0000002c   Code   RO         5392    .text               c_w.l(_printf_wchar.o)
    0x080011dc   0x000000dc   Code   RO         5394    .text               c_w.l(bigflt0.o)
    0x080012b8   0x00000040   Code   RO         5419    .text               c_w.l(_wcrtomb.o)
    0x080012f8   0x00000008   Code   RO         5432    .text               c_w.l(libspace.o)
    0x08001300   0x0000004a   Code   RO         5435    .text               c_w.l(sys_stackheap_outer.o)
    0x0800134a   0x00000002   PAD
    0x0800134c   0x00000010   Code   RO         5437    .text               c_w.l(rt_ctype_table.o)
    0x0800135c   0x0000000c   Code   RO         5439    .text               c_w.l(exit.o)
    0x08001368   0x00000080   Code   RO         5441    .text               c_w.l(strcmpv7m.o)
    0x080013e8   0x0000000c   Code   RO         5522    .text               c_w.l(sys_exit.o)
    0x080013f4   0x00000002   Code   RO         5533    .text               c_w.l(use_no_semi.o)
    0x080013f6   0x00000000   Code   RO         5535    .text               c_w.l(indicate_semi.o)
    0x080013f6   0x0000003e   Code   RO         5397    CL$$btod_d2e        c_w.l(btod.o)
    0x08001434   0x00000046   Code   RO         5399    CL$$btod_d2e_denorm_low  c_w.l(btod.o)
    0x0800147a   0x00000060   Code   RO         5398    CL$$btod_d2e_norm_op1  c_w.l(btod.o)
    0x080014da   0x00000338   Code   RO         5407    CL$$btod_div_common  c_w.l(btod.o)
    0x08001812   0x000000c6   Code   RO         5404    CL$$btod_e2e        c_w.l(btod.o)
    0x080018d8   0x00000028   Code   RO         5401    CL$$btod_ediv       c_w.l(btod.o)
    0x08001900   0x00000028   Code   RO         5400    CL$$btod_emul       c_w.l(btod.o)
    0x08001928   0x00000244   Code   RO         5406    CL$$btod_mult_common  c_w.l(btod.o)
    0x08001b6c   0x0000001c   Code   RO          376    i.BKP_WriteBackupRegister  stm32f10x_bkp.o
    0x08001b88   0x00000228   Code   RO         4893    i.Balance           balance.o
    0x08001db0   0x00000012   Code   RO         3074    i.DMA1_Channel1_IRQHandler  stm32f10x_it.o
    0x08001dc2   0x00000002   PAD
    0x08001dc4   0x0000001c   Code   RO          833    i.DMA_ClearITPendingBit  stm32f10x_dma.o
    0x08001de0   0x0000002c   Code   RO          838    i.DMA_GetITStatus   stm32f10x_dma.o
    0x08001e0c   0x00000120   Code   RO         4659    i.Data_Exchange     data_transfer.o
    0x08001f2c   0x00000888   Code   RO         4660    i.Data_Receive_Anl  data_transfer.o
    0x080027b4   0x00000248   Code   RO         5019    i.Data_Save         bak.o
    0x080029fc   0x00000050   Code   RO         4661    i.Data_Send_Check   data_transfer.o
    0x08002a4c   0x000000cc   Code   RO         4662    i.Data_Send_F1      data_transfer.o
    0x08002b18   0x00000118   Code   RO         4663    i.Data_Send_F2      data_transfer.o
    0x08002c30   0x00000198   Code   RO         4664    i.Data_Send_F3      data_transfer.o
    0x08002dc8   0x00000100   Code   RO         4665    i.Data_Send_F4      data_transfer.o
    0x08002ec8   0x00000144   Code   RO         4666    i.Data_Send_MotoPWM  data_transfer.o
    0x0800300c   0x000000c0   Code   RO         4667    i.Data_Send_OFFSET  data_transfer.o
    0x080030cc   0x00000218   Code   RO         4668    i.Data_Send_PID1    data_transfer.o
    0x080032e4   0x00000218   Code   RO         4669    i.Data_Send_PID2    data_transfer.o
    0x080034fc   0x00000224   Code   RO         4670    i.Data_Send_PID3    data_transfer.o
    0x08003720   0x00000220   Code   RO         4671    i.Data_Send_PID4    data_transfer.o
    0x08003940   0x00000220   Code   RO         4672    i.Data_Send_PID5    data_transfer.o
    0x08003b60   0x00000184   Code   RO         4673    i.Data_Send_PID6    data_transfer.o
    0x08003ce4   0x000001ac   Code   RO         4675    i.Data_Send_RCData  data_transfer.o
    0x08003e90   0x0000015c   Code   RO         4676    i.Data_Send_Senser  data_transfer.o
    0x08003fec   0x00000184   Code   RO         4677    i.Data_Send_Status  data_transfer.o
    0x08004170   0x0000004c   Code   RO         4678    i.Ex_Anl            data_transfer.o
    0x080041bc   0x000000d4   Code   RO         4679    i.Ex_Init           data_transfer.o
    0x08004290   0x0000004c   Code   RO          963    i.FLASH_ErasePage   stm32f10x_flash.o
    0x080042dc   0x00000034   Code   RO          964    i.FLASH_GetBank1Status  stm32f10x_flash.o
    0x08004310   0x00000014   Code   RO          973    i.FLASH_Lock        stm32f10x_flash.o
    0x08004324   0x00000040   Code   RO          976    i.FLASH_ProgramHalfWord  stm32f10x_flash.o
    0x08004364   0x00000018   Code   RO          981    i.FLASH_Unlock      stm32f10x_flash.o
    0x0800437c   0x00000026   Code   RO          985    i.FLASH_WaitForLastOperation  stm32f10x_flash.o
    0x080043a2   0x00000002   PAD
    0x080043a4   0x00000090   Code   RO         4049    i.GPIOA_Init        gpio.o
    0x08004434   0x00000116   Code   RO         1258    i.GPIO_Init         stm32f10x_gpio.o
    0x0800454a   0x00000002   PAD
    0x0800454c   0x00000090   Code   RO         1260    i.GPIO_PinRemapConfig  stm32f10x_gpio.o
    0x080045dc   0x00000004   Code   RO         1265    i.GPIO_ResetBits    stm32f10x_gpio.o
    0x080045e0   0x00000004   Code   RO         1266    i.GPIO_SetBits      stm32f10x_gpio.o
    0x080045e4   0x00000204   Code   RO         4236    i.I2C1_EV_IRQHandler  g32_hi2c.o
    0x080047e8   0x00000018   Code   RO         1367    i.I2C_AcknowledgeConfig  stm32f10x_i2c.o
    0x08004800   0x00000018   Code   RO         1379    i.I2C_GenerateSTART  stm32f10x_i2c.o
    0x08004818   0x00000018   Code   RO         1380    i.I2C_GenerateSTOP  stm32f10x_i2c.o
    0x08004830   0x0000003a   Code   RO         1381    i.I2C_GetFlagStatus  stm32f10x_i2c.o
    0x0800486a   0x00000008   Code   RO         1391    i.I2C_ReceiveData   stm32f10x_i2c.o
    0x08004872   0x00000012   Code   RO         1393    i.I2C_Send7bitAddress  stm32f10x_i2c.o
    0x08004884   0x00000004   Code   RO         1394    i.I2C_SendData      stm32f10x_i2c.o
    0x08004888   0x00000042   Code   RO         4291    i.IICwriteBit       mpu6050.o
    0x080048ca   0x00000066   Code   RO         4292    i.IICwriteBits      mpu6050.o
    0x08004930   0x00000650   Code   RO         4819    i.IMUupdate         imu.o
    0x08004f80   0x0000000c   Code   RO         4293    i.MPU6050_CalOff_Acc  mpu6050.o
    0x08004f8c   0x0000000c   Code   RO         4294    i.MPU6050_CalOff_Gyr  mpu6050.o
    0x08004f98   0x00000234   Code   RO         4295    i.MPU6050_Dataanl   mpu6050.o
    0x080051cc   0x0000005c   Code   RO         4296    i.MPU6050_Init      mpu6050.o
    0x08005228   0x00000014   Code   RO         4297    i.MPU6050_Read      mpu6050.o
    0x0800523c   0x00000014   Code   RO         4298    i.MPU6050_setClockSource  mpu6050.o
    0x08005250   0x00000014   Code   RO         4299    i.MPU6050_setDLPF   mpu6050.o
    0x08005264   0x00000014   Code   RO         4300    i.MPU6050_setFullScaleAccelRange  mpu6050.o
    0x08005278   0x00000014   Code   RO         4301    i.MPU6050_setFullScaleGyroRange  mpu6050.o
    0x0800528c   0x00000012   Code   RO         4302    i.MPU6050_setI2CBypassEnabled  mpu6050.o
    0x0800529e   0x00000012   Code   RO         4303    i.MPU6050_setI2CMasterModeEnabled  mpu6050.o
    0x080052b0   0x00000012   Code   RO         4304    i.MPU6050_setSleepEnabled  mpu6050.o
    0x080052c2   0x00000002   PAD
    0x080052c4   0x00000088   Code   RO         4875    i.Moto_PwmRflash    motor.o
    0x0800534c   0x0000000c   Code   RO         3684    i.NVIC_Configuration  sys.o
    0x08005358   0x00000070   Code   RO           24    i.NVIC_Init         misc.o
    0x080053c8   0x00000014   Code   RO           25    i.NVIC_PriorityGroupConfig  misc.o
    0x080053dc   0x00000148   Code   RO         4843    i.Prepare_Data      filter.o
    0x08005524   0x000000e0   Code   RO         4844    i.Prepare_Data2     filter.o
    0x08005604   0x00000020   Code   RO         1674    i.RCC_APB1PeriphClockCmd  stm32f10x_rcc.o
    0x08005624   0x00000020   Code   RO         1675    i.RCC_APB1PeriphResetCmd  stm32f10x_rcc.o
    0x08005644   0x00000020   Code   RO         1676    i.RCC_APB2PeriphClockCmd  stm32f10x_rcc.o
    0x08005664   0x00000020   Code   RO         1677    i.RCC_APB2PeriphResetCmd  stm32f10x_rcc.o
    0x08005684   0x000000d4   Code   RO         1684    i.RCC_GetClocksFreq  stm32f10x_rcc.o
    0x08005758   0x0000013c   Code   RO         4621    i.RC_Analyse        rc.o
    0x08005894   0x0000004c   Code   RO         4622    i.Rc_DataAnl        rc.o
    0x080058e0   0x00000044   Code   RO         4623    i.Rc_GetValue       rc.o
    0x08005924   0x00000022   Code   RO         4187    i.STMFLASH_Read     stmflash.o
    0x08005946   0x00000006   Code   RO         4188    i.STMFLASH_ReadHalfWord  stmflash.o
    0x0800594c   0x000000e8   Code   RO         4189    i.STMFLASH_Write    stmflash.o
    0x08005a34   0x00000026   Code   RO         4190    i.STMFLASH_Write_NoCheck  stmflash.o
    0x08005a5a   0x00000002   PAD
    0x08005a5c   0x00000178   Code   RO         3770    i.SYS_UART_IQR      sys_usart.o
    0x08005bd4   0x00000008   Code   RO         3284    i.SetSysClock       system_stm32f10x.o
    0x08005bdc   0x000000e0   Code   RO         3285    i.SetSysClockTo72   system_stm32f10x.o
    0x08005cbc   0x00000034   Code   RO         3840    i.Soft_I2c1_Ack     g32_i2c.o
    0x08005cf0   0x0000001c   Code   RO         3841    i.Soft_I2c1_Delay   g32_i2c.o
    0x08005d0c   0x0000004c   Code   RO         3842    i.Soft_I2c1_Init    g32_i2c.o
    0x08005d58   0x00000034   Code   RO         3843    i.Soft_I2c1_NoAck   g32_i2c.o
    0x08005d8c   0x00000080   Code   RO         3845    i.Soft_I2c1_ReadBuffer  g32_i2c.o
    0x08005e0c   0x00000054   Code   RO         3846    i.Soft_I2c1_ReceiveBety  g32_i2c.o
    0x08005e60   0x00000054   Code   RO         3847    i.Soft_I2c1_SendBety  g32_i2c.o
    0x08005eb4   0x00000050   Code   RO         3848    i.Soft_I2c1_Start   g32_i2c.o
    0x08005f04   0x00000034   Code   RO         3849    i.Soft_I2c1_Stop    g32_i2c.o
    0x08005f38   0x00000050   Code   RO         3850    i.Soft_I2c1_WaitAck  g32_i2c.o
    0x08005f88   0x0000004c   Code   RO         3851    i.Soft_I2c1_Write   g32_i2c.o
    0x08005fd4   0x00000218   Code   RO         5021    i.StmFlash_Save     bak.o
    0x080061ec   0x00000028   Code   RO           28    i.SysTick_CLKSourceConfig  misc.o
    0x08006214   0x00000058   Code   RO         3075    i.SysTick_Handler   stm32f10x_it.o
    0x0800626c   0x00000032   Code   RO         3771    i.Sys_Printf        sys_usart.o
    0x0800629e   0x00000002   PAD
    0x080062a0   0x000000b4   Code   RO         3773    i.Sys_sPrintf       sys_usart.o
    0x08006354   0x00000060   Code   RO         3287    i.SystemInit        system_stm32f10x.o
    0x080063b4   0x00000080   Code   RO         2292    i.TI1_Config        stm32f10x_tim.o
    0x08006434   0x00000098   Code   RO         2293    i.TI2_Config        stm32f10x_tim.o
    0x080064cc   0x00000090   Code   RO         2294    i.TI3_Config        stm32f10x_tim.o
    0x0800655c   0x00000098   Code   RO         2295    i.TI4_Config        stm32f10x_tim.o
    0x080065f4   0x00000010   Code   RO         3076    i.TIM1_BRK_IRQHandler  stm32f10x_it.o
    0x08006604   0x00000008   Code   RO         3077    i.TIM1_CC_IRQHandler  stm32f10x_it.o
    0x0800660c   0x000000e8   Code   RO         3997    i.TIM1_Cap_IRQ      g32_timer_cap.o
    0x080066f4   0x00000120   Code   RO         3998    i.TIM1_Cap_Init     g32_timer_cap.o
    0x08006814   0x00000010   Code   RO         3078    i.TIM1_TRG_COM_IRQHandler  stm32f10x_it.o
    0x08006824   0x00000008   Code   RO         3079    i.TIM1_UP_IRQHandler  stm32f10x_it.o
    0x0800682c   0x00000002   Code   RO         3080    i.TIM2_IRQHandler   stm32f10x_it.o
    0x0800682e   0x00000002   PAD
    0x08006830   0x000000bc   Code   RO         4103    i.TIM2_PWM_Init     pwm.o
    0x080068ec   0x000001c0   Code   RO         3999    i.TIM3_Cap_IRQ      g32_timer_cap.o
    0x08006aac   0x000001b0   Code   RO         4000    i.TIM3_Cap_Init     g32_timer_cap.o
    0x08006c5c   0x00000008   Code   RO         3081    i.TIM3_IRQHandler   stm32f10x_it.o
    0x08006c64   0x000000e8   Code   RO         4001    i.TIM4_Cap_IRQ      g32_timer_cap.o
    0x08006d4c   0x0000011c   Code   RO         4002    i.TIM4_Cap_Init     g32_timer_cap.o
    0x08006e68   0x00000008   Code   RO         3082    i.TIM4_IRQHandler   stm32f10x_it.o
    0x08006e70   0x00000002   Code   RO         3083    i.TIM5_IRQHandler   stm32f10x_it.o
    0x08006e72   0x00000002   PAD
    0x08006e74   0x00000024   Code   RO         3084    i.TIM6_IRQHandler   stm32f10x_it.o
    0x08006e98   0x00000024   Code   RO         3085    i.TIM7_IRQHandler   stm32f10x_it.o
    0x08006ebc   0x00000002   Code   RO         3086    i.TIM8_CC_IRQHandler  stm32f10x_it.o
    0x08006ebe   0x00000002   PAD
    0x08006ec0   0x000000c0   Code   RO         4105    i.TIM8_PWM_Init     pwm.o
    0x08006f80   0x00000002   Code   RO         3087    i.TIM8_UP_IRQHandler  stm32f10x_it.o
    0x08006f82   0x00000006   Code   RO         2303    i.TIM_ClearITPendingBit  stm32f10x_tim.o
    0x08006f88   0x00000018   Code   RO         2308    i.TIM_Cmd           stm32f10x_tim.o
    0x08006fa0   0x0000001e   Code   RO         2310    i.TIM_CtrlPWMOutputs  stm32f10x_tim.o
    0x08006fbe   0x00000002   PAD
    0x08006fc0   0x000001e8   Code   RO         2313    i.TIM_DeInit        stm32f10x_tim.o
    0x080071a8   0x00000006   Code   RO         2323    i.TIM_GetCapture1   stm32f10x_tim.o
    0x080071ae   0x00000006   Code   RO         2324    i.TIM_GetCapture2   stm32f10x_tim.o
    0x080071b4   0x00000006   Code   RO         2325    i.TIM_GetCapture3   stm32f10x_tim.o
    0x080071ba   0x00000008   Code   RO         2326    i.TIM_GetCapture4   stm32f10x_tim.o
    0x080071c2   0x00000022   Code   RO         2329    i.TIM_GetITStatus   stm32f10x_tim.o
    0x080071e4   0x000000ac   Code   RO         2331    i.TIM_ICInit        stm32f10x_tim.o
    0x08007290   0x00000012   Code   RO         2333    i.TIM_ITConfig      stm32f10x_tim.o
    0x080072a2   0x00000002   PAD
    0x080072a4   0x00000098   Code   RO         2337    i.TIM_OC1Init       stm32f10x_tim.o
    0x0800733c   0x00000012   Code   RO         2339    i.TIM_OC1PolarityConfig  stm32f10x_tim.o
    0x0800734e   0x00000012   Code   RO         2340    i.TIM_OC1PreloadConfig  stm32f10x_tim.o
    0x08007360   0x000000a4   Code   RO         2342    i.TIM_OC2Init       stm32f10x_tim.o
    0x08007404   0x0000001a   Code   RO         2344    i.TIM_OC2PolarityConfig  stm32f10x_tim.o
    0x0800741e   0x0000001a   Code   RO         2345    i.TIM_OC2PreloadConfig  stm32f10x_tim.o
    0x08007438   0x0000001a   Code   RO         2349    i.TIM_OC3PolarityConfig  stm32f10x_tim.o
    0x08007452   0x0000001a   Code   RO         2353    i.TIM_OC4PolarityConfig  stm32f10x_tim.o
    0x0800746c   0x00000004   Code   RO         2369    i.TIM_SetCompare1   stm32f10x_tim.o
    0x08007470   0x00000004   Code   RO         2370    i.TIM_SetCompare2   stm32f10x_tim.o
    0x08007474   0x00000004   Code   RO         2373    i.TIM_SetCounter    stm32f10x_tim.o
    0x08007478   0x00000012   Code   RO         2374    i.TIM_SetIC1Prescaler  stm32f10x_tim.o
    0x0800748a   0x0000001a   Code   RO         2375    i.TIM_SetIC2Prescaler  stm32f10x_tim.o
    0x080074a4   0x00000012   Code   RO         2376    i.TIM_SetIC3Prescaler  stm32f10x_tim.o
    0x080074b6   0x0000001a   Code   RO         2377    i.TIM_SetIC4Prescaler  stm32f10x_tim.o
    0x080074d0   0x000000a4   Code   RO         2379    i.TIM_TimeBaseInit  stm32f10x_tim.o
    0x08007574   0x00000010   Code   RO         3088    i.USART1_IRQHandler  stm32f10x_it.o
    0x08007584   0x00000010   Code   RO         3089    i.USART2_IRQHandler  stm32f10x_it.o
    0x08007594   0x00000010   Code   RO         3090    i.USART3_IRQHandler  stm32f10x_it.o
    0x080075a4   0x00000018   Code   RO         2844    i.USART_Cmd         stm32f10x_usart.o
    0x080075bc   0x000000d8   Code   RO         2851    i.USART_Init        stm32f10x_usart.o
    0x08007694   0x00000002   Code   RO         3091    i.USBWakeUp_IRQHandler  stm32f10x_it.o
    0x08007696   0x00000002   Code   RO         3092    i.USB_HP_CAN1_TX_IRQHandler  stm32f10x_it.o
    0x08007698   0x00000002   Code   RO         3093    i.USB_LP_CAN1_RX0_IRQHandler  stm32f10x_it.o
    0x0800769a   0x00000002   PAD
    0x0800769c   0x0000005c   Code   RO         4464    i.Ultrasonic_Init   ultrasonic.o
    0x080076f8   0x00000164   Code   RO         4894    i._Z11ALT_Controlj  balance.o
    0x0800785c   0x000000fc   Code   RO         4895    i._Z11Pit_Controlv  balance.o
    0x08007958   0x00000100   Code   RO         4896    i._Z11Rol_Controlv  balance.o
    0x08007a58   0x00000140   Code   RO         4897    i._Z11Yaw_Controlv  balance.o
    0x08007b98   0x00000028   Code   RO         4898    i._Z12Balance_DataP13T_float_angleP11S_INT16_XYZS2_P11int16_rcgetP9T_Control  balance.o
    0x08007bc0   0x0000003c   Code   RO         3318    i._Z8SYS_INITv      main.o
    0x08007bfc   0x00000028   Code   RO         5332    i.__ARM_fpclassify  m_ws.l(fpclassify.o)
    0x08007c24   0x000000aa   Code   RO         5350    i.__kernel_poly     m_ws.l(poly.o)
    0x08007cce   0x00000006   Code   RO         5319    i.__mathlib_dbl_infnan  m_ws.l(dunder.o)
    0x08007cd4   0x00000004   Code   RO         5320    i.__mathlib_dbl_infnan2  m_ws.l(dunder.o)
    0x08007cd8   0x0000000c   Code   RO         5321    i.__mathlib_dbl_invalid  m_ws.l(dunder.o)
    0x08007ce4   0x00000010   Code   RO         5324    i.__mathlib_dbl_underflow  m_ws.l(dunder.o)
    0x08007cf4   0x0000000e   Code   RO         5076    i._is_digit         c_w.l(__printf_wp.o)
    0x08007d02   0x00000002   PAD
    0x08007d04   0x00000270   Code   RO         5152    i.asin              m_ws.l(asin.o)
    0x08007f74   0x00000220   Code   RO         5309    i.atan              m_ws.l(atan.o)
    0x08008194   0x00000180   Code   RO         5162    i.atan2             m_ws.l(atan2.o)
    0x08008314   0x00000054   Code   RO         3735    i.delay_init        minos_delay.o
    0x08008368   0x00000018   Code   RO         3736    i.delay_ms          minos_delay.o
    0x08008380   0x0000004c   Code   RO         3737    i.delay_us          minos_delay.o
    0x080083cc   0x00000070   Code   RO         3321    i.main              main.o
    0x0800843c   0x0000003e   Code   RO         4985    i.slide_filtering16  pfilter.o
    0x0800847a   0x0000004c   Code   RO         5204    i.sqrt              m_ws.l(sqrt.o)
    0x080084c6   0x00000002   PAD
    0x080084c8   0x00000088   Code   RO         3322    i.task_6050         main.o
    0x08008550   0x000001f0   Code   RO         3323    i.task_cap_rc       main.o
    0x08008740   0x00000060   Code   RO         3324    i.task_fast         main.o
    0x080087a0   0x0000009c   Code   RO         3326    i.task_led          main.o
    0x0800883c   0x00000190   Code   RO         3327    i.task_pwm_ex       main.o
    0x080089cc   0x00000208   Code   RO         3328    i.task_ultrasonic   main.o
    0x08008bd4   0x00000080   Code   RO         3698    i.uart3_init        usart.o
    0x08008c54   0x0000002c   Code   RO         5422    locale$$code        c_w.l(lc_numeric_c.o)
    0x08008c80   0x0000002c   Code   RO         5501    locale$$code        c_w.l(lc_ctype_c.o)
    0x08008cac   0x00000062   Code   RO         5093    x$fpl$d2f           fz_ws.l(d2f.o)
    0x08008d0e   0x00000002   PAD
    0x08008d10   0x00000150   Code   RO         5095    x$fpl$dadd          fz_ws.l(daddsub_clz.o)
    0x08008e60   0x00000010   Code   RO         5424    x$fpl$dcheck1       fz_ws.l(dcheck1.o)
    0x08008e70   0x000002b0   Code   RO         5102    x$fpl$ddiv          fz_ws.l(ddiv.o)
    0x08009120   0x0000002e   Code   RO         5110    x$fpl$dflt          fz_ws.l(dflt_clz.o)
    0x0800914e   0x00000002   PAD
    0x08009150   0x00000154   Code   RO         5115    x$fpl$dmul          fz_ws.l(dmul.o)
    0x080092a4   0x0000009c   Code   RO         5283    x$fpl$dnaninf       fz_ws.l(dnaninf.o)
    0x08009340   0x0000000c   Code   RO         5285    x$fpl$dretinf       fz_ws.l(dretinf.o)
    0x0800934c   0x00000016   Code   RO         5096    x$fpl$drsb          fz_ws.l(daddsub_clz.o)
    0x08009362   0x00000002   PAD
    0x08009364   0x000001cc   Code   RO         5289    x$fpl$dsqrt         fz_ws.l(dsqrt_noumaal.o)
    0x08009530   0x000001d4   Code   RO         5097    x$fpl$dsub          fz_ws.l(daddsub_clz.o)
    0x08009704   0x00000056   Code   RO         5117    x$fpl$f2d           fz_ws.l(f2d.o)
    0x0800975a   0x00000002   PAD
    0x0800975c   0x000000c4   Code   RO         5119    x$fpl$fadd          fz_ws.l(faddsub_clz.o)
    0x08009820   0x00000018   Code   RO         5291    x$fpl$fcmpinf       fz_ws.l(fcmpi.o)
    0x08009838   0x00000184   Code   RO         5126    x$fpl$fdiv          fz_ws.l(fdiv.o)
    0x080099bc   0x00000036   Code   RO         5129    x$fpl$ffix          fz_ws.l(ffix.o)
    0x080099f2   0x00000002   PAD
    0x080099f4   0x0000003e   Code   RO         5133    x$fpl$ffixu         fz_ws.l(ffixu.o)
    0x08009a32   0x00000002   PAD
    0x08009a34   0x00000030   Code   RO         5138    x$fpl$fflt          fz_ws.l(fflt_clz.o)
    0x08009a64   0x00000026   Code   RO         5137    x$fpl$ffltu         fz_ws.l(fflt_clz.o)
    0x08009a8a   0x00000002   PAD
    0x08009a8c   0x00000068   Code   RO         5143    x$fpl$fleqf         fz_ws.l(fleqf.o)
    0x08009af4   0x00000102   Code   RO         5145    x$fpl$fmul          fz_ws.l(fmul.o)
    0x08009bf6   0x0000008c   Code   RO         5293    x$fpl$fnaninf       fz_ws.l(fnaninf.o)
    0x08009c82   0x0000000a   Code   RO         5295    x$fpl$fretinf       fz_ws.l(fretinf.o)
    0x08009c8c   0x00000062   Code   RO         5147    x$fpl$frleqf        fz_ws.l(frleqf.o)
    0x08009cee   0x00000014   Code   RO         5120    x$fpl$frsb          fz_ws.l(faddsub_clz.o)
    0x08009d02   0x00000002   PAD
    0x08009d04   0x000000ea   Code   RO         5121    x$fpl$fsub          fz_ws.l(faddsub_clz.o)
    0x08009dee   0x00000004   Code   RO         5149    x$fpl$printf1       fz_ws.l(printf1.o)
    0x08009df2   0x00000004   Code   RO         5299    x$fpl$printf2       fz_ws.l(printf2.o)
    0x08009df6   0x00000064   Code   RO         5496    x$fpl$retnan        fz_ws.l(retnan.o)
    0x08009e5a   0x0000005c   Code   RO         5305    x$fpl$scalbn        fz_ws.l(scalbn.o)
    0x08009eb6   0x00000030   Code   RO         5507    x$fpl$trapveneer    fz_ws.l(trapv.o)
    0x08009ee6   0x00000000   Code   RO         5307    x$fpl$usenofp       fz_ws.l(usenofp.o)
    0x08009ee6   0x00000011   Data   RO         5084    .constdata          c_w.l(__printf_flags_ss_wp.o)
    0x08009ef7   0x00000001   PAD
    0x08009ef8   0x00000050   Data   RO         5153    .constdata          m_ws.l(asin.o)
    0x08009f48   0x00000008   Data   RO         5229    .constdata          c_w.l(_printf_wctomb.o)
    0x08009f50   0x00000028   Data   RO         5258    .constdata          c_w.l(_printf_hex_int_ll_ptr.o)
    0x08009f78   0x00000098   Data   RO         5310    .constdata          m_ws.l(atan.o)
    0x0800a010   0x00000008   Data   RO         5352    .constdata          m_ws.l(qnan.o)
    0x0800a018   0x00000026   Data   RO         5384    .constdata          c_w.l(_printf_fp_hex.o)
    0x0800a03e   0x00000002   PAD
    0x0800a040   0x00000094   Data   RO         5395    .constdata          c_w.l(bigflt0.o)
    0x0800a0d4   0x00000020   Data   RO         5581    Region$$Table       anon$$obj.o
    0x0800a0f4   0x0000001c   Data   RO         5421    locale$$data        c_w.l(lc_numeric_c.o)
    0x0800a110   0x00000110   Data   RO         5500    locale$$data        c_w.l(lc_ctype_c.o)


    Execution Region RW_IRAM1 (Base: 0x20000000, Size: 0x000016b0, Max: 0x0000c000, ABSOLUTE, COMPRESSED[0x00000048])

    Base Addr    Size         Type   Attr      Idx    E Section Name        Object

    0x20000000   0x00000014   Data   RW         1704    .data               stm32f10x_rcc.o
    0x20000014   0x00000030   Data   RW         3094    .data               stm32f10x_it.o
    0x20000044   0x00000014   Data   RW         3288    .data               system_stm32f10x.o
    0x20000058   0x0000003e   Data   RW         3341    .data               main.o
    0x20000096   0x00000002   PAD
    0x20000098   0x0000001c   Data   RW         3662    .data               task_bmp085.o
    0x200000b4   0x00000001   Data   RW         3738    .data               minos_delay.o
    0x200000b5   0x00000008   Data   RW         3775    .data               sys_usart.o
    0x200000bd   0x00000001   PAD
    0x200000be   0x00000020   Data   RW         4003    .data               g32_timer_cap.o
    0x200000de   0x00000002   PAD
    0x200000e0   0x0000000c   Data   RW         4238    .data               g32_hi2c.o
    0x200000ec   0x00000039   Data   RW         4306    .data               mpu6050.o
    0x20000125   0x00000001   PAD
    0x20000126   0x0000000a   Data   RW         4625    .data               rc.o
    0x20000130   0x0000004c   Data   RW         4681    .data               data_transfer.o
    0x2000017c   0x0000002c   Data   RW         4821    .data               imu.o
    0x200001a8   0x00000024   Data   RW         4846    .data               filter.o
    0x200001cc   0x00000010   Data   RW         4876    .data               motor.o
    0x200001dc   0x00000040   Data   RW         4908    .data               balance.o
    0x2000021c   0x00000028   Zero   RW         3340    .bss                main.o
    0x20000244   0x00000230   Zero   RW         3774    .bss                sys_usart.o
    0x20000474   0x00000020   Zero   RW         3827    .bss                sys_os.o
    0x20000494   0x00000042   Zero   RW         4106    .bss                pwm.o
    0x200004d6   0x00000800   Zero   RW         4191    .bss                stmflash.o
    0x20000cd6   0x0000000e   Zero   RW         4237    .bss                g32_hi2c.o
    0x20000ce4   0x0000000e   Zero   RW         4305    .bss                mpu6050.o
    0x20000cf2   0x00000028   Zero   RW         4624    .bss                rc.o
    0x20000d1a   0x00000098   Zero   RW         4680    .bss                data_transfer.o
    0x20000db2   0x00000002   PAD
    0x20000db4   0x0000000c   Zero   RW         4820    .bss                imu.o
    0x20000dc0   0x00000064   Zero   RW         4845    .bss                filter.o
    0x20000e24   0x0000022c   Zero   RW         4907    .bss                balance.o
    0x20001050   0x00000060   Zero   RW         5433    .bss                c_w.l(libspace.o)
    0x200010b0   0x00000200   Zero   RW           18    HEAP                startup_stm32f10x_hd.o
    0x200012b0   0x00000400   Zero   RW           17    STACK               startup_stm32f10x_hd.o


==============================================================================

Image component sizes


      Code (inc. data)   RO Data    RW Data    ZI Data      Debug   Object Name

      1120         88          0          0          0       1156   bak.o
      1776        280          0         64        556       8506   balance.o
         0          0          0          0          0       4524   core_cm3.o
      8764        574          0         76        152      19214   data_transfer.o
       552         52          0         36        100       2147   filter.o
       516         44          0         12         14       1601   g32_hi2c.o
       792         38          0          0          0       7590   g32_i2c.o
      1916        112          0         32          0       5419   g32_timer_cap.o
       144         10          0          0          0        629   gpio.o
      1616         86          0         44         12       2906   imu.o
      1976        282          0         62         40     217291   main.o
       184         20          0          1          0       1835   minos_delay.o
       172         22          0          0          0     264861   misc.o
       136          4          0         16          0       1011   motor.o
      1002         74          0         57         14      19229   mpu6050.o
        62          0          0          0          0       1472   pfilter.o
       380         22          0          0         66       2101   pwm.o
       460         26          0         10         40       3729   rc.o
        64         26        304          0       1536        888   startup_stm32f10x_hd.o
        28          6          0          0          0       1650   stm32f10x_bkp.o
        72         18          0          0          0       1158   stm32f10x_dma.o
       274         30          0          0          0       3482   stm32f10x_flash.o
       430          6          0          0          0       3946   stm32f10x_gpio.o
       160          0          0          0          0       5766   stm32f10x_i2c.o
       304         58          0         48          0     212937   stm32f10x_it.o
       340         44          0         20          0       5680   stm32f10x_rcc.o
      2094        244          0          0          0      19900   stm32f10x_tim.o
       240          6          0          0          0       2889   stm32f10x_usart.o
       310         10          0          0       2048       3277   stmflash.o
        12          0          0          0          0        441   sys.o
         0          0          0          0         32        561   sys_os.o
       606         62          0          8        560       4905   sys_usart.o
       328         28          0         20          0       2061   system_stm32f10x.o
         0          0          0         28          0        942   task_bmp085.o
        92          6          0          0          0        554   ultrasonic.o
       128         10          0          0          0        629   usart.o

    ----------------------------------------------------------------------
     27074       2288        336        540       5172     836887   Object Totals
         0          0         32          0          0          0   (incl. Generated)
        24          0          0          6          2          0   (incl. Padding)

    ----------------------------------------------------------------------

      Code (inc. data)   RO Data    RW Data    ZI Data      Debug   Library Member Name

        90          0          0          0          0          0   __dczerorl2.o
         8          0          0          0          0         68   __main.o
       392          4         17          0          0         92   __printf_flags_ss_wp.o
        14          0          0          0          0         68   __printf_wp.o
         0          0          0          0          0          0   __rtentry.o
        12          0          0          0          0          0   __rtentry2.o
         6          0          0          0          0          0   __rtentry4.o
        52          8          0          0          0          0   __scatter.o
        28          0          0          0          0          0   __scatter_zi.o
         6          0          0          0          0          0   _printf_a.o
         6          0          0          0          0          0   _printf_c.o
        44          0          0          0          0        108   _printf_char.o
        48          6          0          0          0         96   _printf_char_common.o
        40          0          0          0          0         68   _printf_charcount.o
         6          0          0          0          0          0   _printf_d.o
       120         16          0          0          0         92   _printf_dec.o
         6          0          0          0          0          0   _printf_e.o
         6          0          0          0          0          0   _printf_f.o
      1050          0          0          0          0        216   _printf_fp_dec.o
       764         10         38          0          0        100   _printf_fp_hex.o
       128         16          0          0          0         84   _printf_fp_infnan.o
         6          0          0          0          0          0   _printf_g.o
       148          4         40          0          0        160   _printf_hex_int_ll_ptr.o
         6          0          0          0          0          0   _printf_i.o
       178          0          0          0          0         88   _printf_intcommon.o
        10          0          0          0          0          0   _printf_l.o
         6          0          0          0          0          0   _printf_lc.o
        10          0          0          0          0          0   _printf_ll.o
         6          0          0          0          0          0   _printf_lld.o
         6          0          0          0          0          0   _printf_lli.o
         6          0          0          0          0          0   _printf_llo.o
         6          0          0          0          0          0   _printf_llu.o
         6          0          0          0          0          0   _printf_llx.o
       124         16          0          0          0         92   _printf_longlong_dec.o
         6          0          0          0          0          0   _printf_ls.o
         6          0          0          0          0          0   _printf_n.o
         6          0          0          0          0          0   _printf_o.o
       112          8          0          0          0        124   _printf_oct_int_ll.o
         6          0          0          0          0          0   _printf_p.o
        78          0          0          0          0        108   _printf_pad.o
         0          0          0          0          0          0   _printf_percent.o
         4          0          0          0          0          0   _printf_percent_end.o
         6          0          0          0          0          0   _printf_s.o
        82          0          0          0          0         80   _printf_str.o
        36          0          0          0          0         84   _printf_truncate.o
         6          0          0          0          0          0   _printf_u.o
        44          0          0          0          0        108   _printf_wchar.o
       188          6          8          0          0         92   _printf_wctomb.o
         6          0          0          0          0          0   _printf_x.o
        22          0          0          0          0        100   _rserrno.o
        10          0          0          0          0         68   _sputc.o
        64          0          0          0          0         92   _wcrtomb.o
       220          4        148          0          0         96   bigflt0.o
      1910        128          0          0          0        672   btod.o
        12          0          0          0          0         72   exit.o
         6          0          0          0          0        152   heapauxi.o
         0          0          0          0          0          0   indicate_semi.o
        44         10        272          0          0         76   lc_ctype_c.o
        44         10         28          0          0         76   lc_numeric_c.o
         2          0          0          0          0          0   libinit.o
        30          0          0          0          0          0   libinit2.o
         2          0          0          0          0          0   libshutdown.o
         2          0          0          0          0          0   libshutdown2.o
         8          4          0          0         96         68   libspace.o
       138          0          0          0          0         80   lludiv10.o
        16          4          0          0          0         76   rt_ctype_table.o
         8          4          0          0          0         68   rt_errno_addr_intlibspace.o
         8          4          0          0          0         68   rt_locale_intlibspace.o
         2          0          0          0          0          0   rtexit.o
        10          0          0          0          0          0   rtexit2.o
       128          0          0          0          0         68   strcmpv7m.o
        12          4          0          0          0         68   sys_exit.o
        74          0          0          0          0         80   sys_stackheap_outer.o
         2          0          0          0          0         68   use_no_semi.o
        36          4          0          0          0         76   vsprintf.o
        98          4          0          0          0         92   d2f.o
       826         16          0          0          0        348   daddsub_clz.o
        16          4          0          0          0         68   dcheck1.o
       688        140          0          0          0        208   ddiv.o
        46          0          0          0          0         68   dflt_clz.o
       340         12          0          0          0        104   dmul.o
       156          4          0          0          0         92   dnaninf.o
        12          0          0          0          0         68   dretinf.o
       460         56          0          0          0        120   dsqrt_noumaal.o
        86          4          0          0          0         84   f2d.o
       450          8          0          0          0        236   faddsub_clz.o
        24          0          0          0          0         68   fcmpi.o
       388         76          0          0          0         96   fdiv.o
        54          4          0          0          0         84   ffix.o
        62          4          0          0          0         84   ffixu.o
        86          0          0          0          0        136   fflt_clz.o
       104          4          0          0          0         84   fleqf.o
       258          4          0          0          0         84   fmul.o
       140          4          0          0          0         84   fnaninf.o
        10          0          0          0          0         68   fretinf.o
        98          0          0          0          0         68   frleqf.o
         4          0          0          0          0         68   printf1.o
         4          0          0          0          0         68   printf2.o
       100          0          0          0          0         68   retnan.o
        92          0          0          0          0         68   scalbn.o
        48          0          0          0          0         68   trapv.o
         0          0          0          0          0          0   usenofp.o
       624         52         80          0          0        168   asin.o
       544         70        152          0          0        124   atan.o
       384         38          0          0          0        144   atan2.o
        38          6          0          0          0        272   dunder.o
        40          0          0          0          0         68   fpclassify.o
       170          0          0          0          0         96   poly.o
         0          0          8          0          0          0   qnan.o
        76          0          0          0          0         84   sqrt.o

    ----------------------------------------------------------------------
     13300        780        794          0         96       7692   Library Totals
        34          0          3          0          0          0   (incl. Padding)

    ----------------------------------------------------------------------

      Code (inc. data)   RO Data    RW Data    ZI Data      Debug   Library Name

      6740        270        551          0         96       4052   c_w.l
      4650        344          0          0          0       2684   fz_ws.l
      1876        166        240          0          0        956   m_ws.l

    ----------------------------------------------------------------------
     13300        780        794          0         96       7692   Library Totals

    ----------------------------------------------------------------------

==============================================================================


      Code (inc. data)   RO Data    RW Data    ZI Data      Debug   

     40374       3068       1130        540       5268     831315   Grand Totals
     40374       3068       1130         72       5268     831315   ELF Image Totals (compressed)
     40374       3068       1130         72          0          0   ROM Totals

==============================================================================

    Total RO  Size (Code + RO Data)                41504 (  40.53kB)
    Total RW  Size (RW Data + ZI Data)              5808 (   5.67kB)
    Total ROM Size (Code + RO Data + RW Data)      41576 (  40.60kB)

==============================================================================

